<html>
<body>
<pre>
<h1>µVision Build Log</h1>
<h2>Tool Versions:</h2>
IDE-Version: ¶ÃVision V5.25.1.0
Copyright (C) 2018 ARM Ltd and ARM Germany GmbH. All rights reserved.
License Information: s 1377936160@qq.com, d, LIC=5852Z-JHWTS-9G270-BU8IM-78GHR-9GFXV
 
Tool Versions:
Toolchain:       MDK-ARM Plus  Version: 5.25.1.0
Toolchain Path:  E:\Keil_v5\ARM\ARMCC\Bin
C Compiler:      Armcc.exe V5.06 update 6 (build 750)
Assembler:       Armasm.exe V5.06 update 6 (build 750)
Linker/Locator:  ArmLink.exe V5.06 update 6 (build 750)
Library Manager: ArmAr.exe V5.06 update 6 (build 750)
Hex Converter:   FromElf.exe V5.06 update 6 (build 750)
CPU DLL:         SARMCM3.DLL V5.25.1.0
Dialog DLL:      DCM.DLL V1.17.0.0
Target DLL:      STLink\ST-LINKIII-KEIL_SWO.dll V3.0.1.0
Dialog DLL:      TCM.DLL V1.34.0.0
 
<h2>Project:</h2>
C:\Users\13779\Desktop\XYD_SmartCar_v2.0\≥Ã–Ú\≥Ã–Ú£®π°¢¡…°¢ª¶°¢’„°¢À’°¢‘¡£©\user\GPIOøÿ÷∆.uvprojx
Project File Date:  03/18/2022

<h2>Output:</h2>
*** Using Compiler 'V5.06 update 6 (build 750)', folder: 'E:\Keil_v5\ARM\ARMCC\Bin'
Build target 'Target 1'
compiling sg90.c...
..\Utilities\inc\sg90.h(8): warning:  #1295-D: Deprecated declaration closeLan - give arg types
  void closeLan();
..\Utilities\inc\sg90.h(9): warning:  #1295-D: Deprecated declaration openLan - give arg types
  void openLan();
..\Utilities\inc\sg90.h(12): warning:  #1295-D: Deprecated declaration stopC - give arg types
  char * stopC();
..\Utilities\inc\sg90.h(15): warning:  #1-D: last line of file ends without a newline
  #endif
..\Utilities\src\sg90.c: 4 warnings, 0 errors
compiling main.c...
..\Utilities\inc\hcsr04.h(27): warning:  #1-D: last line of file ends without a newline
  #endif
..\Utilities\inc\sg90.h(8): warning:  #1295-D: Deprecated declaration closeLan - give arg types
  void closeLan();
..\Utilities\inc\sg90.h(9): warning:  #1295-D: Deprecated declaration openLan - give arg types
  void openLan();
..\Utilities\inc\sg90.h(12): warning:  #1295-D: Deprecated declaration stopC - give arg types
  char * stopC();
..\Utilities\inc\sg90.h(15): warning:  #1-D: last line of file ends without a newline
  #endif
main.c(499): warning:  #177-D: variable "temp"  was declared but never referenced
    u8 temp[50]={0},temp1[50]={0};
main.c(499): warning:  #177-D: variable "temp1"  was declared but never referenced
    u8 temp[50]={0},temp1[50]={0};
main.c: 7 warnings, 0 errors
linking...
Program Size: Code=41146 RO-data=8458 RW-data=568 ZI-data=3376  
FromELF: creating hex file...
".\GPIOøÿ÷∆.axf" - 0 Error(s), 11 Warning(s).

<h2>Software Packages used:</h2>

Package Vendor: Keil
                http://www.keil.com/pack/Keil.STM32F1xx_DFP.2.2.0.pack
                Keil.STM32F1xx_DFP.2.2.0
                STMicroelectronics STM32F1 Series Device Support, Drivers and Examples

<h2>Collection of Component include folders:</h2>
  .\RTE\_Target_1
  E:\Keil_v5\ARM\PACK\Keil\STM32F1xx_DFP\2.2.0\Device\Include

<h2>Collection of Component Files used:</h2>
Build Time Elapsed:  00:00:01
</pre>
</body>
</html>
