Component: ARM Compiler 5.06 update 6 (build 750) Tool: armlink [4d35ed]

==============================================================================

Section Cross References

    startup_stm32f10x_md.o(RESET) refers to startup_stm32f10x_md.o(STACK) for __initial_sp
    startup_stm32f10x_md.o(RESET) refers to startup_stm32f10x_md.o(.text) for Reset_Handler
    startup_stm32f10x_md.o(RESET) refers to stm32f10x_it.o(i.NMI_Handler) for NMI_Handler
    startup_stm32f10x_md.o(RESET) refers to stm32f10x_it.o(i.HardFault_Handler) for HardFault_Handler
    startup_stm32f10x_md.o(RESET) refers to stm32f10x_it.o(i.MemManage_Handler) for MemManage_Handler
    startup_stm32f10x_md.o(RESET) refers to stm32f10x_it.o(i.BusFault_Handler) for BusFault_Handler
    startup_stm32f10x_md.o(RESET) refers to stm32f10x_it.o(i.UsageFault_Handler) for UsageFault_Handler
    startup_stm32f10x_md.o(RESET) refers to stm32f10x_it.o(i.SVC_Handler) for SVC_Handler
    startup_stm32f10x_md.o(RESET) refers to stm32f10x_it.o(i.DebugMon_Handler) for DebugMon_Handler
    startup_stm32f10x_md.o(RESET) refers to stm32f10x_it.o(i.PendSV_Handler) for PendSV_Handler
    startup_stm32f10x_md.o(RESET) refers to systick.o(i.SysTick_Handler) for SysTick_Handler
    startup_stm32f10x_md.o(RESET) refers to sr.o(i.TIM1_UP_IRQHandler) for TIM1_UP_IRQHandler
    startup_stm32f10x_md.o(RESET) refers to ir.o(i.TIM2_IRQHandler) for TIM2_IRQHandler
    startup_stm32f10x_md.o(RESET) refers to timer.o(i.TIM3_IRQHandler) for TIM3_IRQHandler
    startup_stm32f10x_md.o(RESET) refers to timer.o(i.TIM4_IRQHandler) for TIM4_IRQHandler
    startup_stm32f10x_md.o(RESET) refers to usart.o(i.USART1_IRQHandler) for USART1_IRQHandler
    startup_stm32f10x_md.o(.text) refers to system_stm32f10x.o(i.SystemInit) for SystemInit
    startup_stm32f10x_md.o(.text) refers to entry.o(.ARM.Collect$$$$00000000) for __main
    stm32f10x_gpio.o(i.GPIO_AFIODeInit) refers to stm32f10x_rcc.o(i.RCC_APB2PeriphResetCmd) for RCC_APB2PeriphResetCmd
    stm32f10x_gpio.o(i.GPIO_DeInit) refers to stm32f10x_rcc.o(i.RCC_APB2PeriphResetCmd) for RCC_APB2PeriphResetCmd
    stm32f10x_rcc.o(i.RCC_GetClocksFreq) refers to stm32f10x_rcc.o(.data) for APBAHBPrescTable
    stm32f10x_rcc.o(i.RCC_WaitForHSEStartUp) refers to stm32f10x_rcc.o(i.RCC_GetFlagStatus) for RCC_GetFlagStatus
    stm32f10x_usart.o(i.USART_DeInit) refers to stm32f10x_rcc.o(i.RCC_APB2PeriphResetCmd) for RCC_APB2PeriphResetCmd
    stm32f10x_usart.o(i.USART_DeInit) refers to stm32f10x_rcc.o(i.RCC_APB1PeriphResetCmd) for RCC_APB1PeriphResetCmd
    stm32f10x_usart.o(i.USART_Init) refers to stm32f10x_rcc.o(i.RCC_GetClocksFreq) for RCC_GetClocksFreq
    stm32f10x_rtc.o(i.RTC_SetAlarm) refers to stm32f10x_rtc.o(i.RTC_EnterConfigMode) for RTC_EnterConfigMode
    stm32f10x_rtc.o(i.RTC_SetAlarm) refers to stm32f10x_rtc.o(i.RTC_ExitConfigMode) for RTC_ExitConfigMode
    stm32f10x_rtc.o(i.RTC_SetCounter) refers to stm32f10x_rtc.o(i.RTC_EnterConfigMode) for RTC_EnterConfigMode
    stm32f10x_rtc.o(i.RTC_SetCounter) refers to stm32f10x_rtc.o(i.RTC_ExitConfigMode) for RTC_ExitConfigMode
    stm32f10x_rtc.o(i.RTC_SetPrescaler) refers to stm32f10x_rtc.o(i.RTC_EnterConfigMode) for RTC_EnterConfigMode
    stm32f10x_rtc.o(i.RTC_SetPrescaler) refers to stm32f10x_rtc.o(i.RTC_ExitConfigMode) for RTC_ExitConfigMode
    stm32f10x_bkp.o(i.BKP_DeInit) refers to stm32f10x_rcc.o(i.RCC_BackupResetCmd) for RCC_BackupResetCmd
    stm32f10x_pwr.o(i.PWR_DeInit) refers to stm32f10x_rcc.o(i.RCC_APB1PeriphResetCmd) for RCC_APB1PeriphResetCmd
    stm32f10x_tim.o(i.TIM_DeInit) refers to stm32f10x_rcc.o(i.RCC_APB2PeriphResetCmd) for RCC_APB2PeriphResetCmd
    stm32f10x_tim.o(i.TIM_DeInit) refers to stm32f10x_rcc.o(i.RCC_APB1PeriphResetCmd) for RCC_APB1PeriphResetCmd
    stm32f10x_tim.o(i.TIM_ETRClockMode1Config) refers to stm32f10x_tim.o(i.TIM_ETRConfig) for TIM_ETRConfig
    stm32f10x_tim.o(i.TIM_ETRClockMode2Config) refers to stm32f10x_tim.o(i.TIM_ETRConfig) for TIM_ETRConfig
    stm32f10x_tim.o(i.TIM_ICInit) refers to stm32f10x_tim.o(i.TI1_Config) for TI1_Config
    stm32f10x_tim.o(i.TIM_ICInit) refers to stm32f10x_tim.o(i.TIM_SetIC1Prescaler) for TIM_SetIC1Prescaler
    stm32f10x_tim.o(i.TIM_ICInit) refers to stm32f10x_tim.o(i.TI2_Config) for TI2_Config
    stm32f10x_tim.o(i.TIM_ICInit) refers to stm32f10x_tim.o(i.TIM_SetIC2Prescaler) for TIM_SetIC2Prescaler
    stm32f10x_tim.o(i.TIM_ICInit) refers to stm32f10x_tim.o(i.TI3_Config) for TI3_Config
    stm32f10x_tim.o(i.TIM_ICInit) refers to stm32f10x_tim.o(i.TIM_SetIC3Prescaler) for TIM_SetIC3Prescaler
    stm32f10x_tim.o(i.TIM_ICInit) refers to stm32f10x_tim.o(i.TI4_Config) for TI4_Config
    stm32f10x_tim.o(i.TIM_ICInit) refers to stm32f10x_tim.o(i.TIM_SetIC4Prescaler) for TIM_SetIC4Prescaler
    stm32f10x_tim.o(i.TIM_ITRxExternalClockConfig) refers to stm32f10x_tim.o(i.TIM_SelectInputTrigger) for TIM_SelectInputTrigger
    stm32f10x_tim.o(i.TIM_PWMIConfig) refers to stm32f10x_tim.o(i.TI1_Config) for TI1_Config
[...]
    printf2.o(i.__0vprintf$2) refers to printf2.o(i._printf_core) for _printf_core
    printf2.o(i.__0vprintf$2) refers to usart.o(i.fputc) for fputc
    printf2.o(i.__0vprintf$2) refers to stdout.o(.data) for __stdout
    printf2.o(i.__0vsnprintf$2) refers to printf2.o(i._printf_core) for _printf_core
    printf2.o(i.__0vsnprintf$2) refers to printf2.o(i._snputc) for _snputc
    printf2.o(i.__0vsprintf$2) refers to printf2.o(i._printf_core) for _printf_core
    printf2.o(i.__0vsprintf$2) refers to printf2.o(i._sputc) for _sputc
    printf3.o(i.__0fprintf$3) refers to printf3.o(i._printf_core) for _printf_core
    printf3.o(i.__0fprintf$3) refers to usart.o(i.fputc) for fputc
    printf3.o(i.__0printf$3) refers to printf3.o(i._printf_core) for _printf_core
    printf3.o(i.__0printf$3) refers to usart.o(i.fputc) for fputc
    printf3.o(i.__0printf$3) refers to stdout.o(.data) for __stdout
    printf3.o(i.__0snprintf$3) refers to printf3.o(i._printf_core) for _printf_core
    printf3.o(i.__0snprintf$3) refers to printf3.o(i._snputc) for _snputc
    printf3.o(i.__0sprintf$3) refers to printf3.o(i._printf_core) for _printf_core
    printf3.o(i.__0sprintf$3) refers to printf3.o(i._sputc) for _sputc
    printf3.o(i.__0vfprintf$3) refers to printf3.o(i._printf_core) for _printf_core
    printf3.o(i.__0vfprintf$3) refers to usart.o(i.fputc) for fputc
    printf3.o(i.__0vprintf$3) refers to printf3.o(i._printf_core) for _printf_core
    printf3.o(i.__0vprintf$3) refers to usart.o(i.fputc) for fputc
    printf3.o(i.__0vprintf$3) refers to stdout.o(.data) for __stdout
    printf3.o(i.__0vsnprintf$3) refers to printf3.o(i._printf_core) for _printf_core
    printf3.o(i.__0vsnprintf$3) refers to printf3.o(i._snputc) for _snputc
    printf3.o(i.__0vsprintf$3) refers to printf3.o(i._printf_core) for _printf_core
    printf3.o(i.__0vsprintf$3) refers to printf3.o(i._sputc) for _sputc
    printf3.o(i._printf_core) refers to uidiv.o(.text) for __aeabi_uidivmod
    printf4.o(i.__0fprintf$4) refers to printf4.o(i._printf_core) for _printf_core
    printf4.o(i.__0fprintf$4) refers to usart.o(i.fputc) for fputc
    printf4.o(i.__0printf$4) refers to printf4.o(i._printf_core) for _printf_core
    printf4.o(i.__0printf$4) refers to usart.o(i.fputc) for fputc
    printf4.o(i.__0printf$4) refers to stdout.o(.data) for __stdout
    printf4.o(i.__0snprintf$4) refers to printf4.o(i._printf_core) for _printf_core
    printf4.o(i.__0snprintf$4) refers to printf4.o(i._snputc) for _snputc
    printf4.o(i.__0sprintf$4) refers to printf4.o(i._printf_core) for _printf_core
    printf4.o(i.__0sprintf$4) refers to printf4.o(i._sputc) for _sputc
    printf4.o(i.__0vfprintf$4) refers to printf4.o(i._printf_core) for _printf_core
    printf4.o(i.__0vfprintf$4) refers to usart.o(i.fputc) for fputc
    printf4.o(i.__0vprintf$4) refers to printf4.o(i._printf_core) for _printf_core
    printf4.o(i.__0vprintf$4) refers to usart.o(i.fputc) for fputc
    printf4.o(i.__0vprintf$4) refers to stdout.o(.data) for __stdout
    printf4.o(i.__0vsnprintf$4) refers to printf4.o(i._printf_core) for _printf_core
    printf4.o(i.__0vsnprintf$4) refers to printf4.o(i._snputc) for _snputc
    printf4.o(i.__0vsprintf$4) refers to printf4.o(i._printf_core) for _printf_core
    printf4.o(i.__0vsprintf$4) refers to printf4.o(i._sputc) for _sputc
    printf4.o(i._printf_core) refers to uldiv.o(.text) for __aeabi_uldivmod
    printf5.o(i.__0fprintf$5) refers to printf5.o(i._printf_core) for _printf_core
    printf5.o(i.__0fprintf$5) refers to usart.o(i.fputc) for fputc
    printf5.o(i.__0printf$5) refers to printf5.o(i._printf_core) for _printf_core
    printf5.o(i.__0printf$5) refers to usart.o(i.fputc) for fputc
    printf5.o(i.__0printf$5) refers to stdout.o(.data) for __stdout
    printf5.o(i.__0snprintf$5) refers to printf5.o(i._printf_core) for _printf_core
    printf5.o(i.__0snprintf$5) refers to printf5.o(i._snputc) for _snputc
    printf5.o(i.__0sprintf$5) refers to printf5.o(i._printf_core) for _printf_core
    printf5.o(i.__0sprintf$5) refers to printf5.o(i._sputc) for _sputc
    printf5.o(i.__0vfprintf$5) refers to printf5.o(i._printf_core) for _printf_core
    printf5.o(i.__0vfprintf$5) refers to usart.o(i.fputc) for fputc
    printf5.o(i.__0vprintf$5) refers to printf5.o(i._printf_core) for _printf_core
    printf5.o(i.__0vprintf$5) refers to usart.o(i.fputc) for fputc
    printf5.o(i.__0vprintf$5) refers to stdout.o(.data) for __stdout
    printf5.o(i.__0vsnprintf$5) refers to printf5.o(i._printf_core) for _printf_core
    printf5.o(i.__0vsnprintf$5) refers to printf5.o(i._snputc) for _snputc
    printf5.o(i.__0vsprintf$5) refers to printf5.o(i._printf_core) for _printf_core
    printf5.o(i.__0vsprintf$5) refers to printf5.o(i._sputc) for _sputc
    printf5.o(i._printf_core) refers to uldiv.o(.text) for __aeabi_uldivmod
    printf6.o(i.__0fprintf$6) refers to printf6.o(i._printf_core) for _printf_core
    printf6.o(i.__0fprintf$6) refers to usart.o(i.fputc) for fputc
    printf6.o(i.__0printf$6) refers to printf6.o(i._printf_core) for _printf_core
    printf6.o(i.__0printf$6) refers to usart.o(i.fputc) for fputc
    printf6.o(i.__0printf$6) refers to stdout.o(.data) for __stdout
    printf6.o(i.__0snprintf$6) refers to printf6.o(i._printf_core) for _printf_core
    printf6.o(i.__0snprintf$6) refers to printf6.o(i._snputc) for _snputc
    printf6.o(i.__0sprintf$6) refers to printf6.o(i._printf_core) for _printf_core
    printf6.o(i.__0sprintf$6) refers to printf6.o(i._sputc) for _sputc
    printf6.o(i.__0vfprintf$6) refers to printf6.o(i._printf_core) for _printf_core
    printf6.o(i.__0vfprintf$6) refers to usart.o(i.fputc) for fputc
    printf6.o(i.__0vprintf$6) refers to printf6.o(i._printf_core) for _printf_core
    printf6.o(i.__0vprintf$6) refers to usart.o(i.fputc) for fputc
    printf6.o(i.__0vprintf$6) refers to stdout.o(.data) for __stdout
    printf6.o(i.__0vsnprintf$6) refers to printf6.o(i._printf_core) for _printf_core
    printf6.o(i.__0vsnprintf$6) refers to printf6.o(i._snputc) for _snputc
    printf6.o(i.__0vsprintf$6) refers to printf6.o(i._printf_core) for _printf_core
    printf6.o(i.__0vsprintf$6) refers to printf6.o(i._sputc) for _sputc
    printf6.o(i._printf_core) refers to printf6.o(i._printf_pre_padding) for _printf_pre_padding
    printf6.o(i._printf_core) refers to uidiv.o(.text) for __aeabi_uidivmod
    printf6.o(i._printf_core) refers to printf6.o(i._printf_post_padding) for _printf_post_padding
    printf7.o(i.__0fprintf$7) refers to printf7.o(i._printf_core) for _printf_core
    printf7.o(i.__0fprintf$7) refers to usart.o(i.fputc) for fputc
    printf7.o(i.__0printf$7) refers to printf7.o(i._printf_core) for _printf_core
    printf7.o(i.__0printf$7) refers to usart.o(i.fputc) for fputc
    printf7.o(i.__0printf$7) refers to stdout.o(.data) for __stdout
    printf7.o(i.__0snprintf$7) refers to printf7.o(i._printf_core) for _printf_core
    printf7.o(i.__0snprintf$7) refers to printf7.o(i._snputc) for _snputc
    printf7.o(i.__0sprintf$7) refers to printf7.o(i._printf_core) for _printf_core
    printf7.o(i.__0sprintf$7) refers to printf7.o(i._sputc) for _sputc
    printf7.o(i.__0vfprintf$7) refers to printf7.o(i._printf_core) for _printf_core
    printf7.o(i.__0vfprintf$7) refers to usart.o(i.fputc) for fputc
    printf7.o(i.__0vprintf$7) refers to printf7.o(i._printf_core) for _printf_core
    printf7.o(i.__0vprintf$7) refers to usart.o(i.fputc) for fputc
    printf7.o(i.__0vprintf$7) refers to stdout.o(.data) for __stdout
    printf7.o(i.__0vsnprintf$7) refers to printf7.o(i._printf_core) for _printf_core
    printf7.o(i.__0vsnprintf$7) refers to printf7.o(i._snputc) for _snputc
    printf7.o(i.__0vsprintf$7) refers to printf7.o(i._printf_core) for _printf_core
    printf7.o(i.__0vsprintf$7) refers to printf7.o(i._sputc) for _sputc
    printf7.o(i._printf_core) refers to printf7.o(i._printf_pre_padding) for _printf_pre_padding
    printf7.o(i._printf_core) refers to uldiv.o(.text) for __aeabi_uldivmod
    printf7.o(i._printf_core) refers to printf7.o(i._printf_post_padding) for _printf_post_padding
    printf8.o(i.__0fprintf$8) refers to printf8.o(i._printf_core) for _printf_core
    printf8.o(i.__0fprintf$8) refers to usart.o(i.fputc) for fputc
    printf8.o(i.__0printf$8) refers to printf8.o(i._printf_core) for _printf_core
    printf8.o(i.__0printf$8) refers to usart.o(i.fputc) for fputc
    printf8.o(i.__0printf$8) refers to stdout.o(.data) for __stdout
    printf8.o(i.__0snprintf$8) refers to printf8.o(i._printf_core) for _printf_core
    printf8.o(i.__0snprintf$8) refers to printf8.o(i._snputc) for _snputc
    printf8.o(i.__0sprintf$8) refers to printf8.o(i._printf_core) for _printf_core
    printf8.o(i.__0sprintf$8) refers to printf8.o(i._sputc) for _sputc
    printf8.o(i.__0vfprintf$8) refers to printf8.o(i._printf_core) for _printf_core
    printf8.o(i.__0vfprintf$8) refers to usart.o(i.fputc) for fputc
    printf8.o(i.__0vprintf$8) refers to printf8.o(i._printf_core) for _printf_core
    printf8.o(i.__0vprintf$8) refers to usart.o(i.fputc) for fputc
    printf8.o(i.__0vprintf$8) refers to stdout.o(.data) for __stdout
    printf8.o(i.__0vsnprintf$8) refers to printf8.o(i._printf_core) for _printf_core
    printf8.o(i.__0vsnprintf$8) refers to printf8.o(i._snputc) for _snputc
    printf8.o(i.__0vsprintf$8) refers to printf8.o(i._printf_core) for _printf_core
    printf8.o(i.__0vsprintf$8) refers to printf8.o(i._sputc) for _sputc
    printf8.o(i._printf_core) refers to printf8.o(i._printf_pre_padding) for _printf_pre_padding
    printf8.o(i._printf_core) refers to uldiv.o(.text) for __aeabi_uldivmod
    printf8.o(i._printf_core) refers to printf8.o(i._printf_post_padding) for _printf_post_padding
    printfa.o(i.__0fprintf) refers (Special) to iusefp.o(.text) for __I$use$fp
    printfa.o(i.__0fprintf) refers to printfa.o(i._printf_core) for _printf_core
    printfa.o(i.__0fprintf) refers to usart.o(i.fputc) for fputc
    printfa.o(i.__0printf) refers (Special) to iusefp.o(.text) for __I$use$fp
    printfa.o(i.__0printf) refers to printfa.o(i._printf_core) for _printf_core
    printfa.o(i.__0printf) refers to usart.o(i.fputc) for fputc
    printfa.o(i.__0printf) refers to stdout.o(.data) for __stdout
    printfa.o(i.__0snprintf) refers (Special) to iusefp.o(.text) for __I$use$fp
    printfa.o(i.__0snprintf) refers to printfa.o(i._printf_core) for _printf_core
    printfa.o(i.__0snprintf) refers to printfa.o(i._snputc) for _snputc
    printfa.o(i.__0sprintf) refers (Special) to iusefp.o(.text) for __I$use$fp
    printfa.o(i.__0sprintf) refers to printfa.o(i._printf_core) for _printf_core
    printfa.o(i.__0sprintf) refers to printfa.o(i._sputc) for _sputc
    printfa.o(i.__0vfprintf) refers (Special) to iusefp.o(.text) for __I$use$fp
    printfa.o(i.__0vfprintf) refers to printfa.o(i._printf_core) for _printf_core
    printfa.o(i.__0vfprintf) refers to usart.o(i.fputc) for fputc
    printfa.o(i.__0vprintf) refers (Special) to iusefp.o(.text) for __I$use$fp
    printfa.o(i.__0vprintf) refers to printfa.o(i._printf_core) for _printf_core
    printfa.o(i.__0vprintf) refers to usart.o(i.fputc) for fputc
    printfa.o(i.__0vprintf) refers to stdout.o(.data) for __stdout
    printfa.o(i.__0vsnprintf) refers (Special) to iusefp.o(.text) for __I$use$fp
    printfa.o(i.__0vsnprintf) refers to printfa.o(i._printf_core) for _printf_core
    printfa.o(i.__0vsnprintf) refers to printfa.o(i._snputc) for _snputc
    printfa.o(i.__0vsprintf) refers (Special) to iusefp.o(.text) for __I$use$fp
    printfa.o(i.__0vsprintf) refers to printfa.o(i._printf_core) for _printf_core
    printfa.o(i.__0vsprintf) refers to printfa.o(i._sputc) for _sputc
    printfa.o(i._fp_digits) refers (Special) to iusefp.o(.text) for __I$use$fp
    printfa.o(i._fp_digits) refers to dmul.o(.text) for __aeabi_dmul
    printfa.o(i._fp_digits) refers to ddiv.o(.text) for __aeabi_ddiv
    printfa.o(i._fp_digits) refers to cdrcmple.o(.text) for __aeabi_cdrcmple
    printfa.o(i._fp_digits) refers to dadd.o(.text) for __aeabi_dadd
    printfa.o(i._fp_digits) refers to dfixul.o(.text) for __aeabi_d2ulz
    printfa.o(i._fp_digits) refers to uldiv.o(.text) for __aeabi_uldivmod
    printfa.o(i._printf_core) refers (Special) to iusefp.o(.text) for __I$use$fp
    printfa.o(i._printf_core) refers to printfa.o(i._printf_pre_padding) for _printf_pre_padding
    printfa.o(i._printf_core) refers to uldiv.o(.text) for __aeabi_uldivmod
    printfa.o(i._printf_core) refers to printfa.o(i._printf_post_padding) for _printf_post_padding
    printfa.o(i._printf_core) refers to printfa.o(i._fp_digits) for _fp_digits
    printfa.o(i._printf_core) refers to uidiv.o(.text) for __aeabi_uidivmod
    printfa.o(i._printf_post_padding) refers (Special) to iusefp.o(.text) for __I$use$fp
    printfa.o(i._printf_pre_padding) refers (Special) to iusefp.o(.text) for __I$use$fp
    printfa.o(i._snputc) refers (Special) to iusefp.o(.text) for __I$use$fp
    printfa.o(i._sputc) refers (Special) to iusefp.o(.text) for __I$use$fp
    fadd.o(.text) refers (Special) to iusefp.o(.text) for __I$use$fp
    fadd.o(.text) refers to fepilogue.o(.text) for _float_epilogue
    dadd.o(.text) refers (Special) to iusefp.o(.text) for __I$use$fp
    dadd.o(.text) refers to llshl.o(.text) for __aeabi_llsl
    dadd.o(.text) refers to llsshr.o(.text) for __aeabi_lasr
    dadd.o(.text) refers to depilogue.o(.text) for _double_epilogue
    dmul.o(.text) refers (Special) to iusefp.o(.text) for __I$use$fp
    dmul.o(.text) refers to depilogue.o(.text) for _double_epilogue
    ddiv.o(.text) refers (Special) to iusefp.o(.text) for __I$use$fp
    ddiv.o(.text) refers to depilogue.o(.text) for _double_round
    dflti.o(.text) refers (Special) to iusefp.o(.text) for __I$use$fp
    dflti.o(.text) refers to depilogue.o(.text) for _double_epilogue
    dfltui.o(.text) refers (Special) to iusefp.o(.text) for __I$use$fp
    dfltui.o(.text) refers to depilogue.o(.text) for _double_epilogue
    f2d.o(.text) refers (Special) to iusefp.o(.text) for __I$use$fp
    d2f.o(.text) refers (Special) to iusefp.o(.text) for __I$use$fp
    d2f.o(.text) refers to fepilogue.o(.text) for _float_round
    entry2.o(.ARM.Collect$$$$00000001) refers to entry2.o(.ARM.Collect$$$$00002712) for __lit__00000000
    entry2.o(.ARM.Collect$$$$00002712) refers to startup_stm32f10x_md.o(STACK) for __initial_sp
    entry2.o(__vectab_stack_and_reset_area) refers to startup_stm32f10x_md.o(STACK) for __initial_sp
    entry2.o(__vectab_stack_and_reset_area) refers to entry.o(.ARM.Collect$$$$00000000) for __main
    entry5.o(.ARM.Collect$$$$00000004) refers to init.o(.text) for __scatterload
    entry9a.o(.ARM.Collect$$$$0000000B) refers to main.o(i.main) for main
    entry9b.o(.ARM.Collect$$$$0000000C) refers to main.o(i.main) for main
    uldiv.o(.text) refers to llushr.o(.text) for __aeabi_llsr
    uldiv.o(.text) refers to llshl.o(.text) for __aeabi_llsl
    depilogue.o(.text) refers to llshl.o(.text) for __aeabi_llsl
    depilogue.o(.text) refers to llushr.o(.text) for __aeabi_llsr
    dfixul.o(.text) refers to llushr.o(.text) for __aeabi_llsr
    dfixul.o(.text) refers to llshl.o(.text) for __aeabi_llsl
    init.o(.text) refers to entry5.o(.ARM.Collect$$$$00000004) for __main_after_scatterload


==============================================================================

Removing Unused input sections from the image.

    Removing core_cm3.o(.emb_text), (32 bytes).
    Removing startup_stm32f10x_md.o(HEAP), (512 bytes).
    Removing misc.o(i.NVIC_SetVectorTable), (20 bytes).
    Removing misc.o(i.NVIC_SystemLPConfig), (32 bytes).
    Removing misc.o(i.SysTick_CLKSourceConfig), (40 bytes).
    Removing stm32f10x_gpio.o(i.GPIO_AFIODeInit), (20 bytes).
    Removing stm32f10x_gpio.o(i.GPIO_DeInit), (200 bytes).
    Removing stm32f10x_gpio.o(i.GPIO_ETH_MediaInterfaceConfig), (12 bytes).
    Removing stm32f10x_gpio.o(i.GPIO_EXTILineConfig), (64 bytes).
    Removing stm32f10x_gpio.o(i.GPIO_EventOutputCmd), (12 bytes).
    Removing stm32f10x_gpio.o(i.GPIO_EventOutputConfig), (32 bytes).
    Removing stm32f10x_gpio.o(i.GPIO_PinLockConfig), (18 bytes).
    Removing stm32f10x_gpio.o(i.GPIO_ReadInputData), (8 bytes).
    Removing stm32f10x_gpio.o(i.GPIO_ReadOutputData), (8 bytes).
    Removing stm32f10x_gpio.o(i.GPIO_ReadOutputDataBit), (18 bytes).
    Removing stm32f10x_gpio.o(i.GPIO_StructInit), (16 bytes).
    Removing stm32f10x_gpio.o(i.GPIO_Write), (4 bytes).
    Removing stm32f10x_gpio.o(i.GPIO_WriteBit), (10 bytes).
    Removing stm32f10x_rcc.o(i.RCC_ADCCLKConfig), (24 bytes).
    Removing stm32f10x_rcc.o(i.RCC_AHBPeriphClockCmd), (32 bytes).
    Removing stm32f10x_rcc.o(i.RCC_APB1PeriphResetCmd), (32 bytes).
    Removing stm32f10x_rcc.o(i.RCC_APB2PeriphResetCmd), (32 bytes).
    Removing stm32f10x_rcc.o(i.RCC_AdjustHSICalibrationValue), (24 bytes).
    Removing stm32f10x_rcc.o(i.RCC_BackupResetCmd), (12 bytes).
    Removing stm32f10x_rcc.o(i.RCC_ClearFlag), (20 bytes).
    Removing stm32f10x_rcc.o(i.RCC_ClearITPendingBit), (12 bytes).
    Removing stm32f10x_rcc.o(i.RCC_ClockSecuritySystemCmd), (12 bytes).
    Removing stm32f10x_rcc.o(i.RCC_DeInit), (76 bytes).
    Removing stm32f10x_rcc.o(i.RCC_GetFlagStatus), (60 bytes).
    Removing stm32f10x_rcc.o(i.RCC_GetITStatus), (24 bytes).
    Removing stm32f10x_rcc.o(i.RCC_GetSYSCLKSource), (16 bytes).
    Removing stm32f10x_rcc.o(i.RCC_HCLKConfig), (24 bytes).
    Removing stm32f10x_rcc.o(i.RCC_HSEConfig), (76 bytes).
    Removing stm32f10x_rcc.o(i.RCC_HSICmd), (12 bytes).
    Removing stm32f10x_rcc.o(i.RCC_ITConfig), (32 bytes).
    Removing stm32f10x_rcc.o(i.RCC_LSEConfig), (52 bytes).
    Removing stm32f10x_rcc.o(i.RCC_LSICmd), (12 bytes).
    Removing stm32f10x_rcc.o(i.RCC_MCOConfig), (12 bytes).
    Removing stm32f10x_rcc.o(i.RCC_PCLK1Config), (24 bytes).
    Removing stm32f10x_rcc.o(i.RCC_PCLK2Config), (24 bytes).
    Removing stm32f10x_rcc.o(i.RCC_PLLCmd), (12 bytes).
    Removing stm32f10x_rcc.o(i.RCC_PLLConfig), (28 bytes).
    Removing stm32f10x_rcc.o(i.RCC_RTCCLKCmd), (12 bytes).
    Removing stm32f10x_rcc.o(i.RCC_RTCCLKConfig), (16 bytes).
    Removing stm32f10x_rcc.o(i.RCC_SYSCLKConfig), (24 bytes).
    Removing stm32f10x_rcc.o(i.RCC_USBCLKConfig), (12 bytes).
    Removing stm32f10x_rcc.o(i.RCC_WaitForHSEStartUp), (56 bytes).
    Removing stm32f10x_exti.o(i.EXTI_ClearFlag), (12 bytes).
    Removing stm32f10x_exti.o(i.EXTI_ClearITPendingBit), (12 bytes).
    Removing stm32f10x_exti.o(i.EXTI_DeInit), (36 bytes).
    Removing stm32f10x_exti.o(i.EXTI_GenerateSWInterrupt), (16 bytes).
    Removing stm32f10x_exti.o(i.EXTI_GetFlagStatus), (24 bytes).
    Removing stm32f10x_exti.o(i.EXTI_GetITStatus), (40 bytes).
    Removing stm32f10x_exti.o(i.EXTI_Init), (148 bytes).
    Removing stm32f10x_exti.o(i.EXTI_StructInit), (16 bytes).
    Removing stm32f10x_usart.o(i.USART_ClearFlag), (18 bytes).
    Removing stm32f10x_usart.o(i.USART_ClearITPendingBit), (30 bytes).
    Removing stm32f10x_usart.o(i.USART_ClockInit), (34 bytes).
    Removing stm32f10x_usart.o(i.USART_ClockStructInit), (12 bytes).
    Removing stm32f10x_usart.o(i.USART_DMACmd), (18 bytes).
    Removing stm32f10x_usart.o(i.USART_DeInit), (156 bytes).
    Removing stm32f10x_usart.o(i.USART_GetFlagStatus), (26 bytes).
    Removing stm32f10x_usart.o(i.USART_GetITStatus), (84 bytes).
    Removing stm32f10x_usart.o(i.USART_HalfDuplexCmd), (24 bytes).
    Removing stm32f10x_usart.o(i.USART_ITConfig), (74 bytes).
    Removing stm32f10x_usart.o(i.USART_IrDACmd), (24 bytes).
    Removing stm32f10x_usart.o(i.USART_IrDAConfig), (18 bytes).
    Removing stm32f10x_usart.o(i.USART_LINBreakDetectLengthConfig), (18 bytes).
    Removing stm32f10x_usart.o(i.USART_LINCmd), (24 bytes).
    Removing stm32f10x_usart.o(i.USART_OneBitMethodCmd), (24 bytes).
    Removing stm32f10x_usart.o(i.USART_OverSampling8Cmd), (22 bytes).
    Removing stm32f10x_usart.o(i.USART_ReceiverWakeUpCmd), (24 bytes).
    Removing stm32f10x_usart.o(i.USART_SendBreak), (10 bytes).
    Removing stm32f10x_usart.o(i.USART_SendData), (8 bytes).
    Removing stm32f10x_usart.o(i.USART_SetAddress), (18 bytes).
    Removing stm32f10x_usart.o(i.USART_SetGuardTime), (16 bytes).
    Removing stm32f10x_usart.o(i.USART_SetPrescaler), (16 bytes).
    Removing stm32f10x_usart.o(i.USART_SmartCardCmd), (24 bytes).
    Removing stm32f10x_usart.o(i.USART_SmartCardNACKCmd), (24 bytes).
    Removing stm32f10x_usart.o(i.USART_StructInit), (24 bytes).
    Removing stm32f10x_usart.o(i.USART_WakeUpConfig), (18 bytes).
    Removing stm32f10x_rtc.o(i.RTC_ClearFlag), (16 bytes).
    Removing stm32f10x_rtc.o(i.RTC_ClearITPendingBit), (16 bytes).
    Removing stm32f10x_rtc.o(i.RTC_EnterConfigMode), (20 bytes).
    Removing stm32f10x_rtc.o(i.RTC_ExitConfigMode), (20 bytes).
    Removing stm32f10x_rtc.o(i.RTC_GetCounter), (20 bytes).
    Removing stm32f10x_rtc.o(i.RTC_GetDivider), (24 bytes).
    Removing stm32f10x_rtc.o(i.RTC_GetFlagStatus), (24 bytes).
    Removing stm32f10x_rtc.o(i.RTC_GetITStatus), (36 bytes).
    Removing stm32f10x_rtc.o(i.RTC_ITConfig), (32 bytes).
    Removing stm32f10x_rtc.o(i.RTC_SetAlarm), (28 bytes).
    Removing stm32f10x_rtc.o(i.RTC_SetCounter), (28 bytes).
    Removing stm32f10x_rtc.o(i.RTC_SetPrescaler), (32 bytes).
    Removing stm32f10x_rtc.o(i.RTC_WaitForLastTask), (20 bytes).
    Removing stm32f10x_rtc.o(i.RTC_WaitForSynchro), (36 bytes).
    Removing stm32f10x_bkp.o(i.BKP_ClearFlag), (20 bytes).
    Removing stm32f10x_bkp.o(i.BKP_ClearITPendingBit), (20 bytes).
    Removing stm32f10x_bkp.o(i.BKP_DeInit), (16 bytes).
    Removing stm32f10x_bkp.o(i.BKP_GetFlagStatus), (12 bytes).
    Removing stm32f10x_bkp.o(i.BKP_GetITStatus), (12 bytes).
    Removing stm32f10x_bkp.o(i.BKP_ITConfig), (12 bytes).
    Removing stm32f10x_bkp.o(i.BKP_RTCOutputConfig), (28 bytes).
    Removing stm32f10x_bkp.o(i.BKP_ReadBackupRegister), (28 bytes).
    Removing stm32f10x_bkp.o(i.BKP_SetRTCCalibrationValue), (28 bytes).
    Removing stm32f10x_bkp.o(i.BKP_TamperPinCmd), (12 bytes).
    Removing stm32f10x_bkp.o(i.BKP_TamperPinLevelConfig), (12 bytes).
    Removing stm32f10x_bkp.o(i.BKP_WriteBackupRegister), (28 bytes).
    Removing stm32f10x_pwr.o(i.PWR_BackupAccessCmd), (12 bytes).
    Removing stm32f10x_pwr.o(i.PWR_ClearFlag), (20 bytes).
    Removing stm32f10x_pwr.o(i.PWR_DeInit), (22 bytes).
    Removing stm32f10x_pwr.o(i.PWR_EnterSTANDBYMode), (52 bytes).
    Removing stm32f10x_pwr.o(i.PWR_EnterSTOPMode), (64 bytes).
    Removing stm32f10x_pwr.o(i.PWR_GetFlagStatus), (24 bytes).
    Removing stm32f10x_pwr.o(i.PWR_PVDCmd), (12 bytes).
    Removing stm32f10x_pwr.o(i.PWR_PVDLevelConfig), (24 bytes).
    Removing stm32f10x_pwr.o(i.PWR_WakeUpPinCmd), (12 bytes).
    Removing stm32f10x_tim.o(i.TIM_BDTRConfig), (32 bytes).
    Removing stm32f10x_tim.o(i.TIM_BDTRStructInit), (18 bytes).
    Removing stm32f10x_tim.o(i.TIM_CCPreloadControl), (24 bytes).
    Removing stm32f10x_tim.o(i.TIM_CCxCmd), (30 bytes).
    Removing stm32f10x_tim.o(i.TIM_CCxNCmd), (30 bytes).
    Removing stm32f10x_tim.o(i.TIM_ClearOC1Ref), (18 bytes).
    Removing stm32f10x_tim.o(i.TIM_ClearOC2Ref), (24 bytes).
    Removing stm32f10x_tim.o(i.TIM_ClearOC3Ref), (18 bytes).
    Removing stm32f10x_tim.o(i.TIM_ClearOC4Ref), (24 bytes).
    Removing stm32f10x_tim.o(i.TIM_CounterModeConfig), (18 bytes).
    Removing stm32f10x_tim.o(i.TIM_CtrlPWMOutputs), (30 bytes).
    Removing stm32f10x_tim.o(i.TIM_DMACmd), (18 bytes).
    Removing stm32f10x_tim.o(i.TIM_DMAConfig), (10 bytes).
    Removing stm32f10x_tim.o(i.TIM_DeInit), (488 bytes).
    Removing stm32f10x_tim.o(i.TIM_ETRClockMode1Config), (54 bytes).
    Removing stm32f10x_tim.o(i.TIM_ETRClockMode2Config), (32 bytes).
    Removing stm32f10x_tim.o(i.TIM_ETRConfig), (28 bytes).
    Removing stm32f10x_tim.o(i.TIM_EncoderInterfaceConfig), (66 bytes).
    Removing stm32f10x_tim.o(i.TIM_ForcedOC1Config), (18 bytes).
    Removing stm32f10x_tim.o(i.TIM_ForcedOC2Config), (26 bytes).
    Removing stm32f10x_tim.o(i.TIM_ForcedOC3Config), (18 bytes).
    Removing stm32f10x_tim.o(i.TIM_ForcedOC4Config), (26 bytes).
    Removing stm32f10x_tim.o(i.TIM_GenerateEvent), (4 bytes).
    Removing stm32f10x_tim.o(i.TIM_GetCapture1), (6 bytes).
    Removing stm32f10x_tim.o(i.TIM_GetCapture2), (6 bytes).
    Removing stm32f10x_tim.o(i.TIM_GetCapture3), (6 bytes).
    Removing stm32f10x_tim.o(i.TIM_GetCapture4), (8 bytes).
    Removing stm32f10x_tim.o(i.TIM_GetCounter), (6 bytes).
    Removing stm32f10x_tim.o(i.TIM_GetPrescaler), (6 bytes).
    Removing stm32f10x_tim.o(i.TIM_ICStructInit), (18 bytes).
    Removing stm32f10x_tim.o(i.TIM_ITRxExternalClockConfig), (24 bytes).
    Removing stm32f10x_tim.o(i.TIM_InternalClockConfig), (12 bytes).
    Removing stm32f10x_tim.o(i.TIM_OC1FastConfig), (18 bytes).
    Removing stm32f10x_tim.o(i.TIM_OC1NPolarityConfig), (18 bytes).
    Removing stm32f10x_tim.o(i.TIM_OC1PolarityConfig), (18 bytes).
    Removing stm32f10x_tim.o(i.TIM_OC2FastConfig), (26 bytes).
    Removing stm32f10x_tim.o(i.TIM_OC2NPolarityConfig), (26 bytes).
    Removing stm32f10x_tim.o(i.TIM_OC2PolarityConfig), (26 bytes).
    Removing stm32f10x_tim.o(i.TIM_OC3FastConfig), (18 bytes).
    Removing stm32f10x_tim.o(i.TIM_OC3NPolarityConfig), (26 bytes).
    Removing stm32f10x_tim.o(i.TIM_OC3PolarityConfig), (26 bytes).
    Removing stm32f10x_tim.o(i.TIM_OC4FastConfig), (26 bytes).
    Removing stm32f10x_tim.o(i.TIM_OC4PolarityConfig), (26 bytes).
    Removing stm32f10x_tim.o(i.TIM_OCStructInit), (20 bytes).
    Removing stm32f10x_tim.o(i.TIM_PWMIConfig), (124 bytes).
    Removing stm32f10x_tim.o(i.TIM_PrescalerConfig), (6 bytes).
    Removing stm32f10x_tim.o(i.TIM_SelectCCDMA), (24 bytes).
    Removing stm32f10x_tim.o(i.TIM_SelectCOM), (24 bytes).
    Removing stm32f10x_tim.o(i.TIM_SelectHallSensor), (24 bytes).
    Removing stm32f10x_tim.o(i.TIM_SelectInputTrigger), (18 bytes).
    Removing stm32f10x_tim.o(i.TIM_SelectMasterSlaveMode), (18 bytes).
    Removing stm32f10x_tim.o(i.TIM_SelectOCxM), (82 bytes).
    Removing stm32f10x_tim.o(i.TIM_SelectOnePulseMode), (18 bytes).
    Removing stm32f10x_tim.o(i.TIM_SelectOutputTrigger), (18 bytes).
    Removing stm32f10x_tim.o(i.TIM_SelectSlaveMode), (18 bytes).
    Removing stm32f10x_tim.o(i.TIM_SetAutoreload), (4 bytes).
    Removing stm32f10x_tim.o(i.TIM_SetClockDivision), (18 bytes).
    Removing stm32f10x_tim.o(i.TIM_TIxExternalClockConfig), (62 bytes).
    Removing stm32f10x_tim.o(i.TIM_TimeBaseStructInit), (18 bytes).
    Removing stm32f10x_tim.o(i.TIM_UpdateDisableConfig), (24 bytes).
    Removing stm32f10x_tim.o(i.TIM_UpdateRequestConfig), (24 bytes).
    Removing main.o(i.delay_ms), (12 bytes).
    Removing system_stm32f10x.o(i.SystemCoreClockUpdate), (164 bytes).
    Removing system_stm32f10x.o(.data), (20 bytes).
    Removing systick.o(i.Delay_sys_nms), (24 bytes).
    Removing key.o(i.KEY_Config), (48 bytes).
    Removing key.o(i.KEY_GetValue), (60 bytes).
    Removing water.o(i.water_Config), (80 bytes).
    Removing motor.o(i.MOTOR_Config), (88 bytes).
    Removing motor.o(i.qianjin), (452 bytes).
    Removing timer.o(i.TIM3_Int_Init), (132 bytes).
    Removing sr.o(i.Close_SR04Timer), (16 bytes).
    Removing sr.o(i.Get_EchoTimer), (52 bytes).
    Removing sr.o(i.Get_Length), (176 bytes).
    Removing sr.o(i.Open_SR04Timer), (36 bytes).
    Removing usart.o(i.USART3_Config), (132 bytes).
    Removing usart.o(i.USART_Echo), (56 bytes).
    Removing fadd.o(.text), (176 bytes).
    Removing dfltui.o(.text), (26 bytes).
    Removing f2d.o(.text), (38 bytes).
    Removing d2f.o(.text), (56 bytes).
    Removing fepilogue.o(.text), (110 bytes).

198 unused section(s) (total 7674 bytes) removed from the image.

==============================================================================

Image Symbol Table

    Local Symbols

    Symbol Name                              Value     Ov Type        Size  Object(Section)

    ../clib/microlib/division.c              0x00000000   Number         0  uidiv.o ABSOLUTE
    ../clib/microlib/division.c              0x00000000   Number         0  uldiv.o ABSOLUTE
    ../clib/microlib/init/entry.s            0x00000000   Number         0  entry7b.o ABSOLUTE
    ../clib/microlib/init/entry.s            0x00000000   Number         0  entry7a.o ABSOLUTE
    ../clib/microlib/init/entry.s            0x00000000   Number         0  entry5.o ABSOLUTE
    ../clib/microlib/init/entry.s            0x00000000   Number         0  entry9a.o ABSOLUTE
    ../clib/microlib/init/entry.s            0x00000000   Number         0  entry2.o ABSOLUTE
    ../clib/microlib/init/entry.s            0x00000000   Number         0  entry11a.o ABSOLUTE
    ../clib/microlib/init/entry.s            0x00000000   Number         0  entry10b.o ABSOLUTE
    ../clib/microlib/init/entry.s            0x00000000   Number         0  entry10a.o ABSOLUTE
    ../clib/microlib/init/entry.s            0x00000000   Number         0  entry9b.o ABSOLUTE
    ../clib/microlib/init/entry.s            0x00000000   Number         0  entry.o ABSOLUTE
    ../clib/microlib/init/entry.s            0x00000000   Number         0  entry11b.o ABSOLUTE
    ../clib/microlib/init/entry.s            0x00000000   Number         0  entry8b.o ABSOLUTE
    ../clib/microlib/init/entry.s            0x00000000   Number         0  entry8a.o ABSOLUTE
    ../clib/microlib/longlong.c              0x00000000   Number         0  llsshr.o ABSOLUTE
    ../clib/microlib/longlong.c              0x00000000   Number         0  llshl.o ABSOLUTE
    ../clib/microlib/longlong.c              0x00000000   Number         0  llushr.o ABSOLUTE
    ../clib/microlib/printf/printf.c         0x00000000   Number         0  printf0.o ABSOLUTE
    ../clib/microlib/printf/printf.c         0x00000000   Number         0  printfb.o ABSOLUTE
    ../clib/microlib/printf/printf.c         0x00000000   Number         0  printf5.o ABSOLUTE
    ../clib/microlib/printf/printf.c         0x00000000   Number         0  printfa.o ABSOLUTE
    ../clib/microlib/printf/printf.c         0x00000000   Number         0  printf8.o ABSOLUTE
    ../clib/microlib/printf/printf.c         0x00000000   Number         0  printf7.o ABSOLUTE
    ../clib/microlib/printf/printf.c         0x00000000   Number         0  printf6.o ABSOLUTE
    ../clib/microlib/printf/printf.c         0x00000000   Number         0  printf4.o ABSOLUTE
    ../clib/microlib/printf/printf.c         0x00000000   Number         0  printf3.o ABSOLUTE
    ../clib/microlib/printf/printf.c         0x00000000   Number         0  printf2.o ABSOLUTE
    ../clib/microlib/printf/printf.c         0x00000000   Number         0  printf1.o ABSOLUTE
    ../clib/microlib/printf/stubs.s          0x00000000   Number         0  stubs.o ABSOLUTE
    ../clib/microlib/stdio/streams.c         0x00000000   Number         0  stdout.o ABSOLUTE
    ../clib/microlib/string/memset.c         0x00000000   Number         0  memseta.o ABSOLUTE
    ../clib/microlib/stubs.s                 0x00000000   Number         0  iusefp.o ABSOLUTE
    ../fplib/microlib/d2f.c                  0x00000000   Number         0  d2f.o ABSOLUTE
    ../fplib/microlib/f2d.c                  0x00000000   Number         0  f2d.o ABSOLUTE
    ../fplib/microlib/fpadd.c                0x00000000   Number         0  fadd.o ABSOLUTE
    ../fplib/microlib/fpadd.c                0x00000000   Number         0  dadd.o ABSOLUTE
    ../fplib/microlib/fpdiv.c                0x00000000   Number         0  ddiv.o ABSOLUTE
    ../fplib/microlib/fpepilogue.c           0x00000000   Number         0  fepilogue.o ABSOLUTE
    ../fplib/microlib/fpepilogue.c           0x00000000   Number         0  depilogue.o ABSOLUTE
    ../fplib/microlib/fpfix.c                0x00000000   Number         0  dfixul.o ABSOLUTE
    ../fplib/microlib/fpflt.c                0x00000000   Number         0  dfltui.o ABSOLUTE
    ../fplib/microlib/fpflt.c                0x00000000   Number         0  dflti.o ABSOLUTE
    ../fplib/microlib/fpmul.c                0x00000000   Number         0  dmul.o ABSOLUTE
    ..\CMSIS\core_cm3.c                      0x00000000   Number         0  core_cm3.o ABSOLUTE
    ..\FwLIB\src\misc.c                      0x00000000   Number         0  misc.o ABSOLUTE
    ..\FwLIB\src\stm32f10x_bkp.c             0x00000000   Number         0  stm32f10x_bkp.o ABSOLUTE
    ..\FwLIB\src\stm32f10x_exti.c            0x00000000   Number         0  stm32f10x_exti.o ABSOLUTE
    ..\FwLIB\src\stm32f10x_gpio.c            0x00000000   Number         0  stm32f10x_gpio.o ABSOLUTE
    ..\FwLIB\src\stm32f10x_pwr.c             0x00000000   Number         0  stm32f10x_pwr.o ABSOLUTE
    ..\FwLIB\src\stm32f10x_rcc.c             0x00000000   Number         0  stm32f10x_rcc.o ABSOLUTE
    ..\FwLIB\src\stm32f10x_rtc.c             0x00000000   Number         0  stm32f10x_rtc.o ABSOLUTE
    ..\FwLIB\src\stm32f10x_tim.c             0x00000000   Number         0  stm32f10x_tim.o ABSOLUTE
    ..\FwLIB\src\stm32f10x_usart.c           0x00000000   Number         0  stm32f10x_usart.o ABSOLUTE
    ..\Startup\startup_stm32f10x_md.s        0x00000000   Number         0  startup_stm32f10x_md.o ABSOLUTE
    ..\User\API\Delay\delay.c                0x00000000   Number         0  delay.o ABSOLUTE
    ..\User\API\IR\ir.c                      0x00000000   Number         0  ir.o ABSOLUTE
    ..\User\API\SysTick\systick.c            0x00000000   Number         0  systick.o ABSOLUTE
    ..\User\API\TCRT5000I\TCRT.c             0x00000000   Number         0  tcrt.o ABSOLUTE
    ..\User\API\bee\bee.c                    0x00000000   Number         0  bee.o ABSOLUTE
    ..\User\API\key\key.c                    0x00000000   Number         0  key.o ABSOLUTE
    ..\User\API\led\led.c                    0x00000000   Number         0  led.o ABSOLUTE
    ..\User\API\moyor.c\motor.c              0x00000000   Number         0  motor.o ABSOLUTE
    ..\User\API\sr\SR.c                      0x00000000   Number         0  sr.o ABSOLUTE
    ..\User\API\timer\timer.c                0x00000000   Number         0  timer.o ABSOLUTE
    ..\User\API\uster\usart.c                0x00000000   Number         0  usart.o ABSOLUTE
    ..\User\API\water\water.c                0x00000000   Number         0  water.o ABSOLUTE
    ..\User\main.c                           0x00000000   Number         0  main.o ABSOLUTE
    ..\User\stm32f10x_it.c                   0x00000000   Number         0  stm32f10x_it.o ABSOLUTE
    ..\User\system_stm32f10x.c               0x00000000   Number         0  system_stm32f10x.o ABSOLUTE
    ..\\CMSIS\\core_cm3.c                    0x00000000   Number         0  core_cm3.o ABSOLUTE
    cdrcmple.s                               0x00000000   Number         0  cdrcmple.o ABSOLUTE
    dc.s                                     0x00000000   Number         0  dc.o ABSOLUTE
    handlers.s                               0x00000000   Number         0  handlers.o ABSOLUTE
    init.s                                   0x00000000   Number         0  init.o ABSOLUTE
    RESET                                    0x08000000   Section      236  startup_stm32f10x_md.o(RESET)
    .ARM.Collect$$$$00000000                 0x080000ec   Section        0  entry.o(.ARM.Collect$$$$00000000)
    .ARM.Collect$$$$00000001                 0x080000ec   Section        4  entry2.o(.ARM.Collect$$$$00000001)
    .ARM.Collect$$$$00000004                 0x080000f0   Section        4  entry5.o(.ARM.Collect$$$$00000004)
    .ARM.Collect$$$$00000008                 0x080000f4   Section        0  entry7b.o(.ARM.Collect$$$$00000008)
    .ARM.Collect$$$$0000000A                 0x080000f4   Section        0  entry8b.o(.ARM.Collect$$$$0000000A)
    .ARM.Collect$$$$0000000B                 0x080000f4   Section        8  entry9a.o(.ARM.Collect$$$$0000000B)
    .ARM.Collect$$$$0000000D                 0x080000fc   Section        0  entry10a.o(.ARM.Collect$$$$0000000D)
    .ARM.Collect$$$$0000000F                 0x080000fc   Section        0  entry11a.o(.ARM.Collect$$$$0000000F)
    .ARM.Collect$$$$00002712                 0x080000fc   Section        4  entry2.o(.ARM.Collect$$$$00002712)
    __lit__00000000                          0x080000fc   Data           4  entry2.o(.ARM.Collect$$$$00002712)
    .text                                    0x08000100   Section       36  startup_stm32f10x_md.o(.text)
    .text                                    0x08000124   Section        0  memseta.o(.text)
    .text                                    0x08000148   Section        0  dadd.o(.text)
    .text                                    0x08000296   Section        0  dmul.o(.text)
    .text                                    0x0800037a   Section        0  ddiv.o(.text)
    .text                                    0x08000458   Section        0  dflti.o(.text)
    .text                                    0x0800047a   Section        0  uidiv.o(.text)
    .text                                    0x080004a6   Section        0  uldiv.o(.text)
    .text                                    0x08000508   Section        0  llshl.o(.text)
    .text                                    0x08000526   Section        0  llsshr.o(.text)
    .text                                    0x0800054a   Section        0  depilogue.o(.text)
    .text                                    0x0800054a   Section        0  iusefp.o(.text)
    .text                                    0x08000604   Section        0  dfixul.o(.text)
    .text                                    0x08000634   Section       48  cdrcmple.o(.text)
    .text                                    0x08000664   Section       36  init.o(.text)
    .text                                    0x08000688   Section        0  llushr.o(.text)
    i.BEE_Config                             0x080006a8   Section        0  bee.o(i.BEE_Config)
    i.BusFault_Handler                       0x080006e0   Section        0  stm32f10x_it.o(i.BusFault_Handler)
    i.Check_RemoteControlKey                 0x080006e4   Section        0  ir.o(i.Check_RemoteControlKey)
    i.Control_V                              0x08000734   Section        0  timer.o(i.Control_V)
    i.DebugMon_Handler                       0x080007f0   Section        0  stm32f10x_it.o(i.DebugMon_Handler)
    i.Delay_nop_1us                          0x080007f2   Section        0  delay.o(i.Delay_nop_1us)
    i.Delay_nop_nus                          0x08000884   Section        0  delay.o(i.Delay_nop_nus)
    i.GPIO_Init                              0x08000896   Section        0  stm32f10x_gpio.o(i.GPIO_Init)
    i.GPIO_PinRemapConfig                    0x080009ac   Section        0  stm32f10x_gpio.o(i.GPIO_PinRemapConfig)
    i.GPIO_ReadInputDataBit                  0x08000a3c   Section        0  stm32f10x_gpio.o(i.GPIO_ReadInputDataBit)
    i.GPIO_ResetBits                         0x08000a4e   Section        0  stm32f10x_gpio.o(i.GPIO_ResetBits)
    i.GPIO_SetBits                           0x08000a52   Section        0  stm32f10x_gpio.o(i.GPIO_SetBits)
    i.HCSR04_Config                          0x08000a58   Section        0  sr.o(i.HCSR04_Config)
    i.HardFault_Handler                      0x08000b14   Section        0  stm32f10x_it.o(i.HardFault_Handler)
    i.Ir_RecvAnalysis                        0x08000b18   Section        0  ir.o(i.Ir_RecvAnalysis)
    i.LED_Config                             0x08000cbc   Section        0  led.o(i.LED_Config)
    i.MemManage_Handler                      0x08000d38   Section        0  stm32f10x_it.o(i.MemManage_Handler)
    i.NMI_Handler                            0x08000d3c   Section        0  stm32f10x_it.o(i.NMI_Handler)
    i.NVIC_Init                              0x08000d40   Section        0  misc.o(i.NVIC_Init)
    i.NVIC_PriorityGroupConfig               0x08000db0   Section        0  misc.o(i.NVIC_PriorityGroupConfig)
    i.PendSV_Handler                         0x08000dc4   Section        0  stm32f10x_it.o(i.PendSV_Handler)
    i.RCC_APB1PeriphClockCmd                 0x08000dc8   Section        0  stm32f10x_rcc.o(i.RCC_APB1PeriphClockCmd)
    i.RCC_APB2PeriphClockCmd                 0x08000de8   Section        0  stm32f10x_rcc.o(i.RCC_APB2PeriphClockCmd)
    i.RCC_GetClocksFreq                      0x08000e08   Section        0  stm32f10x_rcc.o(i.RCC_GetClocksFreq)
    i.SVC_Handler                            0x08000edc   Section        0  stm32f10x_it.o(i.SVC_Handler)
    i.SetSpeed                               0x08000ee0   Section        0  timer.o(i.SetSpeed)
    i.SetSysClock                            0x080010f4   Section        0  system_stm32f10x.o(i.SetSysClock)
    SetSysClock                              0x080010f5   Thumb Code     8  system_stm32f10x.o(i.SetSysClock)
    i.SetSysClockTo72                        0x080010fc   Section        0  system_stm32f10x.o(i.SetSysClockTo72)
    SetSysClockTo72                          0x080010fd   Thumb Code   214  system_stm32f10x.o(i.SetSysClockTo72)
    i.Set_speed                              0x080011dc   Section        0  timer.o(i.Set_speed)
    i.SysTick_Handler                        0x080011e8   Section        0  systick.o(i.SysTick_Handler)
    i.SystemInit                             0x08001214   Section        0  system_stm32f10x.o(i.SystemInit)
    i.Systick_Config                         0x08001274   Section        0  systick.o(i.Systick_Config)
    i.TCRT5000I_Config                       0x080012d4   Section        0  tcrt.o(i.TCRT5000I_Config)
    i.TCRT5000I_Ctrl                         0x08001304   Section        0  tcrt.o(i.TCRT5000I_Ctrl)
    i.TCRT5000I_GetState                     0x08001438   Section        0  tcrt.o(i.TCRT5000I_GetState)
    i.TI1_Config                             0x08001490   Section        0  stm32f10x_tim.o(i.TI1_Config)
    TI1_Config                               0x08001491   Thumb Code   108  stm32f10x_tim.o(i.TI1_Config)
    i.TI2_Config                             0x08001510   Section        0  stm32f10x_tim.o(i.TI2_Config)
    TI2_Config                               0x08001511   Thumb Code   130  stm32f10x_tim.o(i.TI2_Config)
    i.TI3_Config                             0x080015a8   Section        0  stm32f10x_tim.o(i.TI3_Config)
    TI3_Config                               0x080015a9   Thumb Code   122  stm32f10x_tim.o(i.TI3_Config)
    i.TI4_Config                             0x08001638   Section        0  stm32f10x_tim.o(i.TI4_Config)
    TI4_Config                               0x08001639   Thumb Code   130  stm32f10x_tim.o(i.TI4_Config)
    i.TIM1_UP_IRQHandler                     0x080016d0   Section        0  sr.o(i.TIM1_UP_IRQHandler)
    i.TIM2_IRQHandler                        0x080016fc   Section        0  ir.o(i.TIM2_IRQHandler)
    i.TIM3_IRQHandler                        0x08001778   Section        0  timer.o(i.TIM3_IRQHandler)
    i.TIM3_PWM_Init                          0x08001794   Section        0  timer.o(i.TIM3_PWM_Init)
    i.TIM4_IRQHandler                        0x0800186c   Section        0  timer.o(i.TIM4_IRQHandler)
    i.TIM4_PWM_Init                          0x08001888   Section        0  timer.o(i.TIM4_PWM_Init)
    i.TIM_ARRPreloadConfig                   0x0800193c   Section        0  stm32f10x_tim.o(i.TIM_ARRPreloadConfig)
    i.TIM_ClearFlag                          0x08001954   Section        0  stm32f10x_tim.o(i.TIM_ClearFlag)
    i.TIM_ClearITPendingBit                  0x0800195a   Section        0  stm32f10x_tim.o(i.TIM_ClearITPendingBit)
    i.TIM_Cmd                                0x08001960   Section        0  stm32f10x_tim.o(i.TIM_Cmd)
    i.TIM_GetFlagStatus                      0x08001978   Section        0  stm32f10x_tim.o(i.TIM_GetFlagStatus)
    i.TIM_GetITStatus                        0x0800198a   Section        0  stm32f10x_tim.o(i.TIM_GetITStatus)
    i.TIM_ICInit                             0x080019ac   Section        0  stm32f10x_tim.o(i.TIM_ICInit)
    i.TIM_ITConfig                           0x08001a58   Section        0  stm32f10x_tim.o(i.TIM_ITConfig)
    i.TIM_OC1Init                            0x08001a6c   Section        0  stm32f10x_tim.o(i.TIM_OC1Init)
    i.TIM_OC1PreloadConfig                   0x08001b04   Section        0  stm32f10x_tim.o(i.TIM_OC1PreloadConfig)
    i.TIM_OC2Init                            0x08001b18   Section        0  stm32f10x_tim.o(i.TIM_OC2Init)
    i.TIM_OC2PreloadConfig                   0x08001bbc   Section        0  stm32f10x_tim.o(i.TIM_OC2PreloadConfig)
    i.TIM_OC3Init                            0x08001bd8   Section        0  stm32f10x_tim.o(i.TIM_OC3Init)
    i.TIM_OC3PreloadConfig                   0x08001c78   Section        0  stm32f10x_tim.o(i.TIM_OC3PreloadConfig)
    i.TIM_OC4Init                            0x08001c8c   Section        0  stm32f10x_tim.o(i.TIM_OC4Init)
    i.TIM_OC4PreloadConfig                   0x08001d08   Section        0  stm32f10x_tim.o(i.TIM_OC4PreloadConfig)
    i.TIM_SetCompare1                        0x08001d22   Section        0  stm32f10x_tim.o(i.TIM_SetCompare1)
    i.TIM_SetCompare2                        0x08001d26   Section        0  stm32f10x_tim.o(i.TIM_SetCompare2)
    i.TIM_SetCompare3                        0x08001d2a   Section        0  stm32f10x_tim.o(i.TIM_SetCompare3)
    i.TIM_SetCompare4                        0x08001d2e   Section        0  stm32f10x_tim.o(i.TIM_SetCompare4)
    i.TIM_SetCounter                         0x08001d34   Section        0  stm32f10x_tim.o(i.TIM_SetCounter)
    i.TIM_SetIC1Prescaler                    0x08001d38   Section        0  stm32f10x_tim.o(i.TIM_SetIC1Prescaler)
    i.TIM_SetIC2Prescaler                    0x08001d4a   Section        0  stm32f10x_tim.o(i.TIM_SetIC2Prescaler)
    i.TIM_SetIC3Prescaler                    0x08001d64   Section        0  stm32f10x_tim.o(i.TIM_SetIC3Prescaler)
    i.TIM_SetIC4Prescaler                    0x08001d76   Section        0  stm32f10x_tim.o(i.TIM_SetIC4Prescaler)
    i.TIM_TimeBaseInit                       0x08001d90   Section        0  stm32f10x_tim.o(i.TIM_TimeBaseInit)
    i.Tim2_Config                            0x08001e34   Section        0  ir.o(i.Tim2_Config)
    i.Time_Range                             0x08001f10   Section        0  ir.o(i.Time_Range)
    i.USART1_IRQHandler                      0x08001f28   Section        0  usart.o(i.USART1_IRQHandler)
    i.USART_Cmd                              0x080021d0   Section        0  stm32f10x_usart.o(i.USART_Cmd)
    i.USART_Config                           0x080021e8   Section        0  usart.o(i.USART_Config)
    i.USART_Init                             0x08002260   Section        0  stm32f10x_usart.o(i.USART_Init)
    i.USART_ReceiveData                      0x08002338   Section        0  stm32f10x_usart.o(i.USART_ReceiveData)
    i.UsageFault_Handler                     0x08002342   Section        0  stm32f10x_it.o(i.UsageFault_Handler)
    i.WATER_Config                           0x08002348   Section        0  water.o(i.WATER_Config)
    i.__0printf                              0x080023ac   Section        0  printfa.o(i.__0printf)
    i.__scatterload_copy                     0x080023cc   Section       14  handlers.o(i.__scatterload_copy)
    i.__scatterload_null                     0x080023da   Section        2  handlers.o(i.__scatterload_null)
    i.__scatterload_zeroinit                 0x080023dc   Section       14  handlers.o(i.__scatterload_zeroinit)
    i._fp_digits                             0x080023ec   Section        0  printfa.o(i._fp_digits)
    _fp_digits                               0x080023ed   Thumb Code   366  printfa.o(i._fp_digits)
    i._printf_core                           0x08002570   Section        0  printfa.o(i._printf_core)
    _printf_core                             0x08002571   Thumb Code  1744  printfa.o(i._printf_core)
    i._printf_post_padding                   0x08002c4c   Section        0  printfa.o(i._printf_post_padding)
    _printf_post_padding                     0x08002c4d   Thumb Code    36  printfa.o(i._printf_post_padding)
    i._printf_pre_padding                    0x08002c70   Section        0  printfa.o(i._printf_pre_padding)
    _printf_pre_padding                      0x08002c71   Thumb Code    46  printfa.o(i._printf_pre_padding)
    i.fputc                                  0x08002ca0   Section        0  usart.o(i.fputc)
    i.main                                   0x08002cbc   Section        0  main.o(i.main)
    .data                                    0x20000000   Section       20  stm32f10x_rcc.o(.data)
    APBAHBPrescTable                         0x20000000   Data          16  stm32f10x_rcc.o(.data)
    ADCPrescTable                            0x20000010   Data           4  stm32f10x_rcc.o(.data)
    .data                                    0x20000014   Section        2  main.o(.data)
    current_speed                            0x20000014   Data           2  main.o(.data)
    .data                                    0x20000018   Section       16  systick.o(.data)
    .data                                    0x20000028   Section        2  timer.o(.data)
    current_speed                            0x20000028   Data           2  timer.o(.data)
    .data                                    0x2000002a   Section        2  sr.o(.data)
    .data                                    0x20000030   Section       72  usart.o(.data)
    .data                                    0x20000078   Section       99  ir.o(.data)
    .data                                    0x200000dc   Section        3  tcrt.o(.data)
    current_speed                            0x200000dc   Data           2  tcrt.o(.data)
    .data                                    0x200000e0   Section        4  stdout.o(.data)
    .bss                                     0x200000e4   Section     2000  usart.o(.bss)
    .bss                                     0x200008b4   Section     2048  ir.o(.bss)
    STACK                                    0x200010b8   Section     1024  startup_stm32f10x_md.o(STACK)

    Global Symbols

    Symbol Name                              Value     Ov Type        Size  Object(Section)

    BuildAttributes$$THM_ISAv4$P$D$K$B$S$PE$A:L22UL41UL21$X:L11$S22US41US21$IEEE1$IW$USESV6$~STKCKD$USESV7$~SHL$OTIME$ROPI$EBA8$MICROLIB$REQ8$PRES8$EABIv2 0x00000000   Number         0  anon$$obj.o ABSOLUTE
    __ARM_use_no_argv                        0x00000000   Number         0  main.o ABSOLUTE
    _printf_a                                0x00000000   Number         0  stubs.o ABSOLUTE
    _printf_c                                0x00000000   Number         0  stubs.o ABSOLUTE
    _printf_charcount                        0x00000000   Number         0  stubs.o ABSOLUTE
    _printf_d                                0x00000000   Number         0  stubs.o ABSOLUTE
    _printf_e                                0x00000000   Number         0  stubs.o ABSOLUTE
    _printf_f                                0x00000000   Number         0  stubs.o ABSOLUTE
    _printf_flags                            0x00000000   Number         0  stubs.o ABSOLUTE
    _printf_fp_dec                           0x00000000   Number         0  stubs.o ABSOLUTE
    _printf_fp_hex                           0x00000000   Number         0  stubs.o ABSOLUTE
    _printf_g                                0x00000000   Number         0  stubs.o ABSOLUTE
    _printf_i                                0x00000000   Number         0  stubs.o ABSOLUTE
    _printf_int_dec                          0x00000000   Number         0  stubs.o ABSOLUTE
    _printf_l                                0x00000000   Number         0  stubs.o ABSOLUTE
    _printf_lc                               0x00000000   Number         0  stubs.o ABSOLUTE
    _printf_ll                               0x00000000   Number         0  stubs.o ABSOLUTE
    _printf_lld                              0x00000000   Number         0  stubs.o ABSOLUTE
    _printf_lli                              0x00000000   Number         0  stubs.o ABSOLUTE
    _printf_llo                              0x00000000   Number         0  stubs.o ABSOLUTE
    _printf_llu                              0x00000000   Number         0  stubs.o ABSOLUTE
    _printf_llx                              0x00000000   Number         0  stubs.o ABSOLUTE
    _printf_longlong_dec                     0x00000000   Number         0  stubs.o ABSOLUTE
    _printf_longlong_hex                     0x00000000   Number         0  stubs.o ABSOLUTE
    _printf_longlong_oct                     0x00000000   Number         0  stubs.o ABSOLUTE
    _printf_ls                               0x00000000   Number         0  stubs.o ABSOLUTE
    _printf_mbtowc                           0x00000000   Number         0  stubs.o ABSOLUTE
    _printf_n                                0x00000000   Number         0  stubs.o ABSOLUTE
    _printf_o                                0x00000000   Number         0  stubs.o ABSOLUTE
    _printf_p                                0x00000000   Number         0  stubs.o ABSOLUTE
    _printf_percent                          0x00000000   Number         0  stubs.o ABSOLUTE
    _printf_pre_padding                      0x00000000   Number         0  stubs.o ABSOLUTE
    _printf_return_value                     0x00000000   Number         0  stubs.o ABSOLUTE
    _printf_s                                0x00000000   Number         0  stubs.o ABSOLUTE
    _printf_sizespec                         0x00000000   Number         0  stubs.o ABSOLUTE
    _printf_str                              0x00000000   Number         0  stubs.o ABSOLUTE
    _printf_truncate_signed                  0x00000000   Number         0  stubs.o ABSOLUTE
    _printf_truncate_unsigned                0x00000000   Number         0  stubs.o ABSOLUTE
    _printf_u                                0x00000000   Number         0  stubs.o ABSOLUTE
    _printf_wc                               0x00000000   Number         0  stubs.o ABSOLUTE
    _printf_wctomb                           0x00000000   Number         0  stubs.o ABSOLUTE
    _printf_widthprec                        0x00000000   Number         0  stubs.o ABSOLUTE
    _printf_x                                0x00000000   Number         0  stubs.o ABSOLUTE
    __cpp_initialize__aeabi_                  - Undefined Weak Reference
    __cxa_finalize                            - Undefined Weak Reference
    __decompress                              - Undefined Weak Reference
    _clock_init                               - Undefined Weak Reference
    _microlib_exit                            - Undefined Weak Reference
    __Vectors_Size                           0x000000ec   Number         0  startup_stm32f10x_md.o ABSOLUTE
    __Vectors                                0x08000000   Data           4  startup_stm32f10x_md.o(RESET)
    __Vectors_End                            0x080000ec   Data           0  startup_stm32f10x_md.o(RESET)
    __main                                   0x080000ed   Thumb Code     0  entry.o(.ARM.Collect$$$$00000000)
    _main_stk                                0x080000ed   Thumb Code     0  entry2.o(.ARM.Collect$$$$00000001)
    _main_scatterload                        0x080000f1   Thumb Code     0  entry5.o(.ARM.Collect$$$$00000004)
    __main_after_scatterload                 0x080000f5   Thumb Code     0  entry5.o(.ARM.Collect$$$$00000004)
    _main_clock                              0x080000f5   Thumb Code     0  entry7b.o(.ARM.Collect$$$$00000008)
    _main_cpp_init                           0x080000f5   Thumb Code     0  entry8b.o(.ARM.Collect$$$$0000000A)
    _main_init                               0x080000f5   Thumb Code     0  entry9a.o(.ARM.Collect$$$$0000000B)
    __rt_final_cpp                           0x080000fd   Thumb Code     0  entry10a.o(.ARM.Collect$$$$0000000D)
    __rt_final_exit                          0x080000fd   Thumb Code     0  entry11a.o(.ARM.Collect$$$$0000000F)
    Reset_Handler                            0x08000101   Thumb Code     8  startup_stm32f10x_md.o(.text)
    ADC1_2_IRQHandler                        0x0800011b   Thumb Code     0  startup_stm32f10x_md.o(.text)
    CAN1_RX1_IRQHandler                      0x0800011b   Thumb Code     0  startup_stm32f10x_md.o(.text)
    CAN1_SCE_IRQHandler                      0x0800011b   Thumb Code     0  startup_stm32f10x_md.o(.text)
    DMA1_Channel1_IRQHandler                 0x0800011b   Thumb Code     0  startup_stm32f10x_md.o(.text)
    DMA1_Channel2_IRQHandler                 0x0800011b   Thumb Code     0  startup_stm32f10x_md.o(.text)
    DMA1_Channel3_IRQHandler                 0x0800011b   Thumb Code     0  startup_stm32f10x_md.o(.text)
    DMA1_Channel4_IRQHandler                 0x0800011b   Thumb Code     0  startup_stm32f10x_md.o(.text)
    DMA1_Channel5_IRQHandler                 0x0800011b   Thumb Code     0  startup_stm32f10x_md.o(.text)
    DMA1_Channel6_IRQHandler                 0x0800011b   Thumb Code     0  startup_stm32f10x_md.o(.text)
    DMA1_Channel7_IRQHandler                 0x0800011b   Thumb Code     0  startup_stm32f10x_md.o(.text)
    EXTI0_IRQHandler                         0x0800011b   Thumb Code     0  startup_stm32f10x_md.o(.text)
    EXTI15_10_IRQHandler                     0x0800011b   Thumb Code     0  startup_stm32f10x_md.o(.text)
    EXTI1_IRQHandler                         0x0800011b   Thumb Code     0  startup_stm32f10x_md.o(.text)
    EXTI2_IRQHandler                         0x0800011b   Thumb Code     0  startup_stm32f10x_md.o(.text)
    EXTI3_IRQHandler                         0x0800011b   Thumb Code     0  startup_stm32f10x_md.o(.text)
    EXTI4_IRQHandler                         0x0800011b   Thumb Code     0  startup_stm32f10x_md.o(.text)
    EXTI9_5_IRQHandler                       0x0800011b   Thumb Code     0  startup_stm32f10x_md.o(.text)
    FLASH_IRQHandler                         0x0800011b   Thumb Code     0  startup_stm32f10x_md.o(.text)
    I2C1_ER_IRQHandler                       0x0800011b   Thumb Code     0  startup_stm32f10x_md.o(.text)
    I2C1_EV_IRQHandler                       0x0800011b   Thumb Code     0  startup_stm32f10x_md.o(.text)
    I2C2_ER_IRQHandler                       0x0800011b   Thumb Code     0  startup_stm32f10x_md.o(.text)
    I2C2_EV_IRQHandler                       0x0800011b   Thumb Code     0  startup_stm32f10x_md.o(.text)
    PVD_IRQHandler                           0x0800011b   Thumb Code     0  startup_stm32f10x_md.o(.text)
    RCC_IRQHandler                           0x0800011b   Thumb Code     0  startup_stm32f10x_md.o(.text)
    RTCAlarm_IRQHandler                      0x0800011b   Thumb Code     0  startup_stm32f10x_md.o(.text)
    RTC_IRQHandler                           0x0800011b   Thumb Code     0  startup_stm32f10x_md.o(.text)
    SPI1_IRQHandler                          0x0800011b   Thumb Code     0  startup_stm32f10x_md.o(.text)
    SPI2_IRQHandler                          0x0800011b   Thumb Code     0  startup_stm32f10x_md.o(.text)
    TAMPER_IRQHandler                        0x0800011b   Thumb Code     0  startup_stm32f10x_md.o(.text)
    TIM1_BRK_IRQHandler                      0x0800011b   Thumb Code     0  startup_stm32f10x_md.o(.text)
    TIM1_CC_IRQHandler                       0x0800011b   Thumb Code     0  startup_stm32f10x_md.o(.text)
    TIM1_TRG_COM_IRQHandler                  0x0800011b   Thumb Code     0  startup_stm32f10x_md.o(.text)
    USART2_IRQHandler                        0x0800011b   Thumb Code     0  startup_stm32f10x_md.o(.text)
    USART3_IRQHandler                        0x0800011b   Thumb Code     0  startup_stm32f10x_md.o(.text)
    USBWakeUp_IRQHandler                     0x0800011b   Thumb Code     0  startup_stm32f10x_md.o(.text)
    USB_HP_CAN1_TX_IRQHandler                0x0800011b   Thumb Code     0  startup_stm32f10x_md.o(.text)
    USB_LP_CAN1_RX0_IRQHandler               0x0800011b   Thumb Code     0  startup_stm32f10x_md.o(.text)
    WWDG_IRQHandler                          0x0800011b   Thumb Code     0  startup_stm32f10x_md.o(.text)
    __aeabi_memset                           0x08000125   Thumb Code    14  memseta.o(.text)
    __aeabi_memset4                          0x08000125   Thumb Code     0  memseta.o(.text)
    __aeabi_memset8                          0x08000125   Thumb Code     0  memseta.o(.text)
    __aeabi_memclr                           0x08000133   Thumb Code     4  memseta.o(.text)
    __aeabi_memclr4                          0x08000133   Thumb Code     0  memseta.o(.text)
    __aeabi_memclr8                          0x08000133   Thumb Code     0  memseta.o(.text)
    _memset$wrapper                          0x08000137   Thumb Code    18  memseta.o(.text)
    __aeabi_dadd                             0x08000149   Thumb Code   322  dadd.o(.text)
    __aeabi_dsub                             0x0800028b   Thumb Code     6  dadd.o(.text)
    __aeabi_drsub                            0x08000291   Thumb Code     6  dadd.o(.text)
    __aeabi_dmul                             0x08000297   Thumb Code   228  dmul.o(.text)
    __aeabi_ddiv                             0x0800037b   Thumb Code   222  ddiv.o(.text)
    __aeabi_i2d                              0x08000459   Thumb Code    34  dflti.o(.text)
    __aeabi_uidiv                            0x0800047b   Thumb Code     0  uidiv.o(.text)
    __aeabi_uidivmod                         0x0800047b   Thumb Code    44  uidiv.o(.text)
    __aeabi_uldivmod                         0x080004a7   Thumb Code    98  uldiv.o(.text)
    __aeabi_llsl                             0x08000509   Thumb Code    30  llshl.o(.text)
    _ll_shift_l                              0x08000509   Thumb Code     0  llshl.o(.text)
    __aeabi_lasr                             0x08000527   Thumb Code    36  llsshr.o(.text)
    _ll_sshift_r                             0x08000527   Thumb Code     0  llsshr.o(.text)
    __I$use$fp                               0x0800054b   Thumb Code     0  iusefp.o(.text)
    _double_round                            0x0800054b   Thumb Code    30  depilogue.o(.text)
    _double_epilogue                         0x08000569   Thumb Code   156  depilogue.o(.text)
    __aeabi_d2ulz                            0x08000605   Thumb Code    48  dfixul.o(.text)
    __aeabi_cdrcmple                         0x08000635   Thumb Code    48  cdrcmple.o(.text)
    __scatterload                            0x08000665   Thumb Code    28  init.o(.text)
    __scatterload_rt2                        0x08000665   Thumb Code     0  init.o(.text)
    __aeabi_llsr                             0x08000689   Thumb Code    32  llushr.o(.text)
    _ll_ushift_r                             0x08000689   Thumb Code     0  llushr.o(.text)
    BEE_Config                               0x080006a9   Thumb Code    52  bee.o(i.BEE_Config)
    BusFault_Handler                         0x080006e1   Thumb Code     4  stm32f10x_it.o(i.BusFault_Handler)
    Check_RemoteControlKey                   0x080006e5   Thumb Code    76  ir.o(i.Check_RemoteControlKey)
    Control_V                                0x08000735   Thumb Code   158  timer.o(i.Control_V)
    DebugMon_Handler                         0x080007f1   Thumb Code     2  stm32f10x_it.o(i.DebugMon_Handler)
    Delay_nop_1us                            0x080007f3   Thumb Code   146  delay.o(i.Delay_nop_1us)
    Delay_nop_nus                            0x08000885   Thumb Code    18  delay.o(i.Delay_nop_nus)
    GPIO_Init                                0x08000897   Thumb Code   278  stm32f10x_gpio.o(i.GPIO_Init)
    GPIO_PinRemapConfig                      0x080009ad   Thumb Code   138  stm32f10x_gpio.o(i.GPIO_PinRemapConfig)
    GPIO_ReadInputDataBit                    0x08000a3d   Thumb Code    18  stm32f10x_gpio.o(i.GPIO_ReadInputDataBit)
    GPIO_ResetBits                           0x08000a4f   Thumb Code     4  stm32f10x_gpio.o(i.GPIO_ResetBits)
    GPIO_SetBits                             0x08000a53   Thumb Code     4  stm32f10x_gpio.o(i.GPIO_SetBits)
    HCSR04_Config                            0x08000a59   Thumb Code   174  sr.o(i.HCSR04_Config)
    HardFault_Handler                        0x08000b15   Thumb Code     4  stm32f10x_it.o(i.HardFault_Handler)
    Ir_RecvAnalysis                          0x08000b19   Thumb Code   396  ir.o(i.Ir_RecvAnalysis)
    LED_Config                               0x08000cbd   Thumb Code   118  led.o(i.LED_Config)
    MemManage_Handler                        0x08000d39   Thumb Code     4  stm32f10x_it.o(i.MemManage_Handler)
    NMI_Handler                              0x08000d3d   Thumb Code     2  stm32f10x_it.o(i.NMI_Handler)
    NVIC_Init                                0x08000d41   Thumb Code   100  misc.o(i.NVIC_Init)
    NVIC_PriorityGroupConfig                 0x08000db1   Thumb Code    10  misc.o(i.NVIC_PriorityGroupConfig)
    PendSV_Handler                           0x08000dc5   Thumb Code     2  stm32f10x_it.o(i.PendSV_Handler)
    RCC_APB1PeriphClockCmd                   0x08000dc9   Thumb Code    26  stm32f10x_rcc.o(i.RCC_APB1PeriphClockCmd)
    RCC_APB2PeriphClockCmd                   0x08000de9   Thumb Code    26  stm32f10x_rcc.o(i.RCC_APB2PeriphClockCmd)
    RCC_GetClocksFreq                        0x08000e09   Thumb Code   192  stm32f10x_rcc.o(i.RCC_GetClocksFreq)
    SVC_Handler                              0x08000edd   Thumb Code     2  stm32f10x_it.o(i.SVC_Handler)
    SetSpeed                                 0x08000ee1   Thumb Code   518  timer.o(i.SetSpeed)
    Set_speed                                0x080011dd   Thumb Code     6  timer.o(i.Set_speed)
    SysTick_Handler                          0x080011e9   Thumb Code    32  systick.o(i.SysTick_Handler)
    SystemInit                               0x08001215   Thumb Code    78  system_stm32f10x.o(i.SystemInit)
    Systick_Config                           0x08001275   Thumb Code    86  systick.o(i.Systick_Config)
    TCRT5000I_Config                         0x080012d5   Thumb Code    44  tcrt.o(i.TCRT5000I_Config)
    TCRT5000I_Ctrl                           0x08001305   Thumb Code   300  tcrt.o(i.TCRT5000I_Ctrl)
    TCRT5000I_GetState                       0x08001439   Thumb Code    82  tcrt.o(i.TCRT5000I_GetState)
    TIM1_UP_IRQHandler                       0x080016d1   Thumb Code    34  sr.o(i.TIM1_UP_IRQHandler)
    TIM2_IRQHandler                          0x080016fd   Thumb Code   110  ir.o(i.TIM2_IRQHandler)
    TIM3_IRQHandler                          0x08001779   Thumb Code    22  timer.o(i.TIM3_IRQHandler)
    TIM3_PWM_Init                            0x08001795   Thumb Code   204  timer.o(i.TIM3_PWM_Init)
    TIM4_IRQHandler                          0x0800186d   Thumb Code    22  timer.o(i.TIM4_IRQHandler)
    TIM4_PWM_Init                            0x08001889   Thumb Code   172  timer.o(i.TIM4_PWM_Init)
    TIM_ARRPreloadConfig                     0x0800193d   Thumb Code    24  stm32f10x_tim.o(i.TIM_ARRPreloadConfig)
    TIM_ClearFlag                            0x08001955   Thumb Code     6  stm32f10x_tim.o(i.TIM_ClearFlag)
    TIM_ClearITPendingBit                    0x0800195b   Thumb Code     6  stm32f10x_tim.o(i.TIM_ClearITPendingBit)
    TIM_Cmd                                  0x08001961   Thumb Code    24  stm32f10x_tim.o(i.TIM_Cmd)
    TIM_GetFlagStatus                        0x08001979   Thumb Code    18  stm32f10x_tim.o(i.TIM_GetFlagStatus)
    TIM_GetITStatus                          0x0800198b   Thumb Code    34  stm32f10x_tim.o(i.TIM_GetITStatus)
    TIM_ICInit                               0x080019ad   Thumb Code   150  stm32f10x_tim.o(i.TIM_ICInit)
    TIM_ITConfig                             0x08001a59   Thumb Code    18  stm32f10x_tim.o(i.TIM_ITConfig)
    TIM_OC1Init                              0x08001a6d   Thumb Code   132  stm32f10x_tim.o(i.TIM_OC1Init)
    TIM_OC1PreloadConfig                     0x08001b05   Thumb Code    18  stm32f10x_tim.o(i.TIM_OC1PreloadConfig)
    TIM_OC2Init                              0x08001b19   Thumb Code   154  stm32f10x_tim.o(i.TIM_OC2Init)
    TIM_OC2PreloadConfig                     0x08001bbd   Thumb Code    26  stm32f10x_tim.o(i.TIM_OC2PreloadConfig)
    TIM_OC3Init                              0x08001bd9   Thumb Code   150  stm32f10x_tim.o(i.TIM_OC3Init)
    TIM_OC3PreloadConfig                     0x08001c79   Thumb Code    18  stm32f10x_tim.o(i.TIM_OC3PreloadConfig)
    TIM_OC4Init                              0x08001c8d   Thumb Code   114  stm32f10x_tim.o(i.TIM_OC4Init)
    TIM_OC4PreloadConfig                     0x08001d09   Thumb Code    26  stm32f10x_tim.o(i.TIM_OC4PreloadConfig)
    TIM_SetCompare1                          0x08001d23   Thumb Code     4  stm32f10x_tim.o(i.TIM_SetCompare1)
    TIM_SetCompare2                          0x08001d27   Thumb Code     4  stm32f10x_tim.o(i.TIM_SetCompare2)
    TIM_SetCompare3                          0x08001d2b   Thumb Code     4  stm32f10x_tim.o(i.TIM_SetCompare3)
    TIM_SetCompare4                          0x08001d2f   Thumb Code     6  stm32f10x_tim.o(i.TIM_SetCompare4)
    TIM_SetCounter                           0x08001d35   Thumb Code     4  stm32f10x_tim.o(i.TIM_SetCounter)
    TIM_SetIC1Prescaler                      0x08001d39   Thumb Code    18  stm32f10x_tim.o(i.TIM_SetIC1Prescaler)
    TIM_SetIC2Prescaler                      0x08001d4b   Thumb Code    26  stm32f10x_tim.o(i.TIM_SetIC2Prescaler)
    TIM_SetIC3Prescaler                      0x08001d65   Thumb Code    18  stm32f10x_tim.o(i.TIM_SetIC3Prescaler)
    TIM_SetIC4Prescaler                      0x08001d77   Thumb Code    26  stm32f10x_tim.o(i.TIM_SetIC4Prescaler)
    TIM_TimeBaseInit                         0x08001d91   Thumb Code   122  stm32f10x_tim.o(i.TIM_TimeBaseInit)
    Tim2_Config                              0x08001e35   Thumb Code   208  ir.o(i.Tim2_Config)
    Time_Range                               0x08001f11   Thumb Code    24  ir.o(i.Time_Range)
    USART1_IRQHandler                        0x08001f29   Thumb Code   552  usart.o(i.USART1_IRQHandler)
    USART_Cmd                                0x080021d1   Thumb Code    24  stm32f10x_usart.o(i.USART_Cmd)
    USART_Config                             0x080021e9   Thumb Code   112  usart.o(i.USART_Config)
    USART_Init                               0x08002261   Thumb Code   210  stm32f10x_usart.o(i.USART_Init)
    USART_ReceiveData                        0x08002339   Thumb Code    10  stm32f10x_usart.o(i.USART_ReceiveData)
    UsageFault_Handler                       0x08002343   Thumb Code     4  stm32f10x_it.o(i.UsageFault_Handler)
    WATER_Config                             0x08002349   Thumb Code    94  water.o(i.WATER_Config)
    __0printf                                0x080023ad   Thumb Code    22  printfa.o(i.__0printf)
    __1printf                                0x080023ad   Thumb Code     0  printfa.o(i.__0printf)
    __2printf                                0x080023ad   Thumb Code     0  printfa.o(i.__0printf)
    __c89printf                              0x080023ad   Thumb Code     0  printfa.o(i.__0printf)
    printf                                   0x080023ad   Thumb Code     0  printfa.o(i.__0printf)
    __scatterload_copy                       0x080023cd   Thumb Code    14  handlers.o(i.__scatterload_copy)
    __scatterload_null                       0x080023db   Thumb Code     2  handlers.o(i.__scatterload_null)
    __scatterload_zeroinit                   0x080023dd   Thumb Code    14  handlers.o(i.__scatterload_zeroinit)
    fputc                                    0x08002ca1   Thumb Code    22  usart.o(i.fputc)
    main                                     0x08002cbd   Thumb Code   264  main.o(i.main)
    Region$$Table$$Base                      0x08002e08   Number         0  anon$$obj.o(Region$$Table)
    Region$$Table$$Limit                     0x08002e28   Number         0  anon$$obj.o(Region$$Table)
    Sys_DelayTime                            0x20000018   Data           4  systick.o(.data)
    Error_TimerRun                           0x2000001c   Data           4  systick.o(.data)
    UI_Run                                   0x20000020   Data           8  systick.o(.data)
    SR04_TimeCount                           0x2000002a   Data           2  sr.o(.data)
    i                                        0x20000030   Data           4  usart.o(.data)
    k                                        0x20000034   Data           4  usart.o(.data)
    flag                                     0x20000038   Data           4  usart.o(.data)
    p                                        0x2000003c   Data           4  usart.o(.data)
    longitude                                0x20000040   Data           8  usart.o(.data)
    latitude                                 0x20000048   Data           8  usart.o(.data)
    speed                                    0x20000050   Data           8  usart.o(.data)
    high                                     0x20000058   Data           8  usart.o(.data)
    a_                                       0x20000060   Data           8  usart.o(.data)
    b_                                       0x20000068   Data           8  usart.o(.data)
    c_                                       0x20000070   Data           8  usart.o(.data)
    IR_key                                   0x20000078   Data          17  ir.o(.data)
    RemoteControl_Table                      0x20000089   Data          68  ir.o(.data)
    ir_count                                 0x200000ce   Data           2  ir.o(.data)
    ir_flag                                  0x200000d0   Data           2  ir.o(.data)
    ir                                       0x200000d2   Data           8  ir.o(.data)
    IR_code                                  0x200000da   Data           1  ir.o(.data)
    Car_OutStopFlag                          0x200000de   Data           1  tcrt.o(.data)
    __stdout                                 0x200000e0   Data           4  stdout.o(.data)
    USART_RX_BUF                             0x200000e4   Data        2000  usart.o(.bss)
    ir_buf                                   0x200008b4   Data        2048  ir.o(.bss)
    __initial_sp                             0x200014b8   Data           0  startup_stm32f10x_md.o(STACK)



==============================================================================

Memory Map of the image

  Image Entry point : 0x080000ed

  Load Region LR_IROM1 (Base: 0x08000000, Size: 0x00002f0c, Max: 0x00010000, ABSOLUTE)

    Execution Region ER_IROM1 (Exec base: 0x08000000, Load base: 0x08000000, Size: 0x00002e28, Max: 0x00010000, ABSOLUTE)

    Exec Addr    Load Addr    Size         Type   Attr      Idx    E Section Name        Object

    0x08000000   0x08000000   0x000000ec   Data   RO           19    RESET               startup_stm32f10x_md.o
    0x080000ec   0x080000ec   0x00000000   Code   RO         1985  * .ARM.Collect$$$$00000000  mc_w.l(entry.o)
    0x080000ec   0x080000ec   0x00000004   Code   RO         2267    .ARM.Collect$$$$00000001  mc_w.l(entry2.o)
    0x080000f0   0x080000f0   0x00000004   Code   RO         2270    .ARM.Collect$$$$00000004  mc_w.l(entry5.o)
    0x080000f4   0x080000f4   0x00000000   Code   RO         2272    .ARM.Collect$$$$00000008  mc_w.l(entry7b.o)
    0x080000f4   0x080000f4   0x00000000   Code   RO         2274    .ARM.Collect$$$$0000000A  mc_w.l(entry8b.o)
    0x080000f4   0x080000f4   0x00000008   Code   RO         2275    .ARM.Collect$$$$0000000B  mc_w.l(entry9a.o)
    0x080000fc   0x080000fc   0x00000000   Code   RO         2277    .ARM.Collect$$$$0000000D  mc_w.l(entry10a.o)
    0x080000fc   0x080000fc   0x00000000   Code   RO         2279    .ARM.Collect$$$$0000000F  mc_w.l(entry11a.o)
    0x080000fc   0x080000fc   0x00000004   Code   RO         2268    .ARM.Collect$$$$00002712  mc_w.l(entry2.o)
    0x08000100   0x08000100   0x00000024   Code   RO           20    .text               startup_stm32f10x_md.o
    0x08000124   0x08000124   0x00000024   Code   RO         1988    .text               mc_w.l(memseta.o)
    0x08000148   0x08000148   0x0000014e   Code   RO         2253    .text               mf_w.l(dadd.o)
    0x08000296   0x08000296   0x000000e4   Code   RO         2255    .text               mf_w.l(dmul.o)
    0x0800037a   0x0800037a   0x000000de   Code   RO         2257    .text               mf_w.l(ddiv.o)
    0x08000458   0x08000458   0x00000022   Code   RO         2259    .text               mf_w.l(dflti.o)
    0x0800047a   0x0800047a   0x0000002c   Code   RO         2282    .text               mc_w.l(uidiv.o)
    0x080004a6   0x080004a6   0x00000062   Code   RO         2284    .text               mc_w.l(uldiv.o)
    0x08000508   0x08000508   0x0000001e   Code   RO         2286    .text               mc_w.l(llshl.o)
    0x08000526   0x08000526   0x00000024   Code   RO         2288    .text               mc_w.l(llsshr.o)
    0x0800054a   0x0800054a   0x00000000   Code   RO         2290    .text               mc_w.l(iusefp.o)
    0x0800054a   0x0800054a   0x000000ba   Code   RO         2293    .text               mf_w.l(depilogue.o)
    0x08000604   0x08000604   0x00000030   Code   RO         2295    .text               mf_w.l(dfixul.o)
    0x08000634   0x08000634   0x00000030   Code   RO         2297    .text               mf_w.l(cdrcmple.o)
    0x08000664   0x08000664   0x00000024   Code   RO         2299    .text               mc_w.l(init.o)
    0x08000688   0x08000688   0x00000020   Code   RO         2301    .text               mc_w.l(llushr.o)
    0x080006a8   0x080006a8   0x00000038   Code   RO         1733    i.BEE_Config        bee.o
    0x080006e0   0x080006e0   0x00000004   Code   RO         1539    i.BusFault_Handler  stm32f10x_it.o
    0x080006e4   0x080006e4   0x00000050   Code   RO         1911    i.Check_RemoteControlKey  ir.o
    0x08000734   0x08000734   0x000000bc   Code   RO         1763    i.Control_V         timer.o
    0x080007f0   0x080007f0   0x00000002   Code   RO         1540    i.DebugMon_Handler  stm32f10x_it.o
    0x080007f2   0x080007f2   0x00000092   Code   RO         1664    i.Delay_nop_1us     delay.o
    0x08000884   0x08000884   0x00000012   Code   RO         1665    i.Delay_nop_nus     delay.o
    0x08000896   0x08000896   0x00000116   Code   RO          149    i.GPIO_Init         stm32f10x_gpio.o
    0x080009ac   0x080009ac   0x00000090   Code   RO          151    i.GPIO_PinRemapConfig  stm32f10x_gpio.o
    0x08000a3c   0x08000a3c   0x00000012   Code   RO          153    i.GPIO_ReadInputDataBit  stm32f10x_gpio.o
    0x08000a4e   0x08000a4e   0x00000004   Code   RO          156    i.GPIO_ResetBits    stm32f10x_gpio.o
    0x08000a52   0x08000a52   0x00000004   Code   RO          157    i.GPIO_SetBits      stm32f10x_gpio.o
    0x08000a56   0x08000a56   0x00000002   PAD
    0x08000a58   0x08000a58   0x000000bc   Code   RO         1822    i.HCSR04_Config     sr.o
    0x08000b14   0x08000b14   0x00000004   Code   RO         1541    i.HardFault_Handler  stm32f10x_it.o
    0x08000b18   0x08000b18   0x000001a4   Code   RO         1912    i.Ir_RecvAnalysis   ir.o
    0x08000cbc   0x08000cbc   0x0000007c   Code   RO         1703    i.LED_Config        led.o
    0x08000d38   0x08000d38   0x00000004   Code   RO         1542    i.MemManage_Handler  stm32f10x_it.o
    0x08000d3c   0x08000d3c   0x00000002   Code   RO         1543    i.NMI_Handler       stm32f10x_it.o
    0x08000d3e   0x08000d3e   0x00000002   PAD
    0x08000d40   0x08000d40   0x00000070   Code   RO           24    i.NVIC_Init         misc.o
    0x08000db0   0x08000db0   0x00000014   Code   RO           25    i.NVIC_PriorityGroupConfig  misc.o
    0x08000dc4   0x08000dc4   0x00000002   Code   RO         1544    i.PendSV_Handler    stm32f10x_it.o
    0x08000dc6   0x08000dc6   0x00000002   PAD
    0x08000dc8   0x08000dc8   0x00000020   Code   RO          259    i.RCC_APB1PeriphClockCmd  stm32f10x_rcc.o
    0x08000de8   0x08000de8   0x00000020   Code   RO          261    i.RCC_APB2PeriphClockCmd  stm32f10x_rcc.o
    0x08000e08   0x08000e08   0x000000d4   Code   RO          269    i.RCC_GetClocksFreq  stm32f10x_rcc.o
    0x08000edc   0x08000edc   0x00000002   Code   RO         1545    i.SVC_Handler       stm32f10x_it.o
    0x08000ede   0x08000ede   0x00000002   PAD
    0x08000ee0   0x08000ee0   0x00000214   Code   RO         1764    i.SetSpeed          timer.o
    0x080010f4   0x080010f4   0x00000008   Code   RO         1596    i.SetSysClock       system_stm32f10x.o
    0x080010fc   0x080010fc   0x000000e0   Code   RO         1597    i.SetSysClockTo72   system_stm32f10x.o
    0x080011dc   0x080011dc   0x0000000c   Code   RO         1765    i.Set_speed         timer.o
    0x080011e8   0x080011e8   0x0000002c   Code   RO         1631    i.SysTick_Handler   systick.o
    0x08001214   0x08001214   0x00000060   Code   RO         1599    i.SystemInit        system_stm32f10x.o
    0x08001274   0x08001274   0x00000060   Code   RO         1632    i.Systick_Config    systick.o
    0x080012d4   0x080012d4   0x00000030   Code   RO         1958    i.TCRT5000I_Config  tcrt.o
    0x08001304   0x08001304   0x00000134   Code   RO         1959    i.TCRT5000I_Ctrl    tcrt.o
    0x08001438   0x08001438   0x00000058   Code   RO         1960    i.TCRT5000I_GetState  tcrt.o
    0x08001490   0x08001490   0x00000080   Code   RO          919    i.TI1_Config        stm32f10x_tim.o
    0x08001510   0x08001510   0x00000098   Code   RO          920    i.TI2_Config        stm32f10x_tim.o
    0x080015a8   0x080015a8   0x00000090   Code   RO          921    i.TI3_Config        stm32f10x_tim.o
    0x08001638   0x08001638   0x00000098   Code   RO          922    i.TI4_Config        stm32f10x_tim.o
    0x080016d0   0x080016d0   0x0000002c   Code   RO         1824    i.TIM1_UP_IRQHandler  sr.o
    0x080016fc   0x080016fc   0x0000007c   Code   RO         1913    i.TIM2_IRQHandler   ir.o
    0x08001778   0x08001778   0x0000001c   Code   RO         1766    i.TIM3_IRQHandler   timer.o
    0x08001794   0x08001794   0x000000d8   Code   RO         1768    i.TIM3_PWM_Init     timer.o
    0x0800186c   0x0800186c   0x0000001c   Code   RO         1769    i.TIM4_IRQHandler   timer.o
    0x08001888   0x08001888   0x000000b4   Code   RO         1770    i.TIM4_PWM_Init     timer.o
    0x0800193c   0x0800193c   0x00000018   Code   RO          923    i.TIM_ARRPreloadConfig  stm32f10x_tim.o
    0x08001954   0x08001954   0x00000006   Code   RO          929    i.TIM_ClearFlag     stm32f10x_tim.o
    0x0800195a   0x0800195a   0x00000006   Code   RO          930    i.TIM_ClearITPendingBit  stm32f10x_tim.o
    0x08001960   0x08001960   0x00000018   Code   RO          935    i.TIM_Cmd           stm32f10x_tim.o
    0x08001978   0x08001978   0x00000012   Code   RO          955    i.TIM_GetFlagStatus  stm32f10x_tim.o
    0x0800198a   0x0800198a   0x00000022   Code   RO          956    i.TIM_GetITStatus   stm32f10x_tim.o
    0x080019ac   0x080019ac   0x000000ac   Code   RO          958    i.TIM_ICInit        stm32f10x_tim.o
    0x08001a58   0x08001a58   0x00000012   Code   RO          960    i.TIM_ITConfig      stm32f10x_tim.o
    0x08001a6a   0x08001a6a   0x00000002   PAD
    0x08001a6c   0x08001a6c   0x00000098   Code   RO          964    i.TIM_OC1Init       stm32f10x_tim.o
    0x08001b04   0x08001b04   0x00000012   Code   RO          967    i.TIM_OC1PreloadConfig  stm32f10x_tim.o
    0x08001b16   0x08001b16   0x00000002   PAD
    0x08001b18   0x08001b18   0x000000a4   Code   RO          969    i.TIM_OC2Init       stm32f10x_tim.o
    0x08001bbc   0x08001bbc   0x0000001a   Code   RO          972    i.TIM_OC2PreloadConfig  stm32f10x_tim.o
    0x08001bd6   0x08001bd6   0x00000002   PAD
    0x08001bd8   0x08001bd8   0x000000a0   Code   RO          974    i.TIM_OC3Init       stm32f10x_tim.o
    0x08001c78   0x08001c78   0x00000012   Code   RO          977    i.TIM_OC3PreloadConfig  stm32f10x_tim.o
    0x08001c8a   0x08001c8a   0x00000002   PAD
    0x08001c8c   0x08001c8c   0x0000007c   Code   RO          979    i.TIM_OC4Init       stm32f10x_tim.o
    0x08001d08   0x08001d08   0x0000001a   Code   RO          981    i.TIM_OC4PreloadConfig  stm32f10x_tim.o
    0x08001d22   0x08001d22   0x00000004   Code   RO          996    i.TIM_SetCompare1   stm32f10x_tim.o
    0x08001d26   0x08001d26   0x00000004   Code   RO          997    i.TIM_SetCompare2   stm32f10x_tim.o
    0x08001d2a   0x08001d2a   0x00000004   Code   RO          998    i.TIM_SetCompare3   stm32f10x_tim.o
    0x08001d2e   0x08001d2e   0x00000006   Code   RO          999    i.TIM_SetCompare4   stm32f10x_tim.o
    0x08001d34   0x08001d34   0x00000004   Code   RO         1000    i.TIM_SetCounter    stm32f10x_tim.o
    0x08001d38   0x08001d38   0x00000012   Code   RO         1001    i.TIM_SetIC1Prescaler  stm32f10x_tim.o
    0x08001d4a   0x08001d4a   0x0000001a   Code   RO         1002    i.TIM_SetIC2Prescaler  stm32f10x_tim.o
    0x08001d64   0x08001d64   0x00000012   Code   RO         1003    i.TIM_SetIC3Prescaler  stm32f10x_tim.o
    0x08001d76   0x08001d76   0x0000001a   Code   RO         1004    i.TIM_SetIC4Prescaler  stm32f10x_tim.o
    0x08001d90   0x08001d90   0x000000a4   Code   RO         1006    i.TIM_TimeBaseInit  stm32f10x_tim.o
    0x08001e34   0x08001e34   0x000000dc   Code   RO         1914    i.Tim2_Config       ir.o
    0x08001f10   0x08001f10   0x00000018   Code   RO         1915    i.Time_Range        ir.o
    0x08001f28   0x08001f28   0x000002a8   Code   RO         1864    i.USART1_IRQHandler  usart.o
    0x080021d0   0x080021d0   0x00000018   Code   RO          515    i.USART_Cmd         stm32f10x_usart.o
    0x080021e8   0x080021e8   0x00000078   Code   RO         1866    i.USART_Config      usart.o
    0x08002260   0x08002260   0x000000d8   Code   RO          522    i.USART_Init        stm32f10x_usart.o
    0x08002338   0x08002338   0x0000000a   Code   RO          529    i.USART_ReceiveData  stm32f10x_usart.o
    0x08002342   0x08002342   0x00000004   Code   RO         1546    i.UsageFault_Handler  stm32f10x_it.o
    0x08002346   0x08002346   0x00000002   PAD
    0x08002348   0x08002348   0x00000064   Code   RO         1715    i.WATER_Config      water.o
    0x080023ac   0x080023ac   0x00000020   Code   RO         2223    i.__0printf         mc_w.l(printfa.o)
    0x080023cc   0x080023cc   0x0000000e   Code   RO         2305    i.__scatterload_copy  mc_w.l(handlers.o)
    0x080023da   0x080023da   0x00000002   Code   RO         2306    i.__scatterload_null  mc_w.l(handlers.o)
    0x080023dc   0x080023dc   0x0000000e   Code   RO         2307    i.__scatterload_zeroinit  mc_w.l(handlers.o)
    0x080023ea   0x080023ea   0x00000002   PAD
    0x080023ec   0x080023ec   0x00000184   Code   RO         2230    i._fp_digits        mc_w.l(printfa.o)
    0x08002570   0x08002570   0x000006dc   Code   RO         2231    i._printf_core      mc_w.l(printfa.o)
    0x08002c4c   0x08002c4c   0x00000024   Code   RO         2232    i._printf_post_padding  mc_w.l(printfa.o)
    0x08002c70   0x08002c70   0x0000002e   Code   RO         2233    i._printf_pre_padding  mc_w.l(printfa.o)
    0x08002c9e   0x08002c9e   0x00000002   PAD
    0x08002ca0   0x08002ca0   0x0000001c   Code   RO         1868    i.fputc             usart.o
    0x08002cbc   0x08002cbc   0x0000014c   Code   RO         1468    i.main              main.o
    0x08002e08   0x08002e08   0x00000020   Data   RO         2303    Region$$Table       anon$$obj.o


    Execution Region RW_IRAM1 (Exec base: 0x20000000, Load base: 0x08002e28, Size: 0x000014b8, Max: 0x00005000, ABSOLUTE)

    Exec Addr    Load Addr    Size         Type   Attr      Idx    E Section Name        Object

    0x20000000   0x08002e28   0x00000014   Data   RW          289    .data               stm32f10x_rcc.o
    0x20000014   0x08002e3c   0x00000002   Data   RW         1469    .data               main.o
    0x20000016   0x08002e3e   0x00000002   PAD
    0x20000018   0x08002e40   0x00000010   Data   RW         1633    .data               systick.o
    0x20000028   0x08002e50   0x00000002   Data   RW         1771    .data               timer.o
    0x2000002a   0x08002e52   0x00000002   Data   RW         1825    .data               sr.o
    0x2000002c   0x08002e54   0x00000004   PAD
    0x20000030   0x08002e58   0x00000048   Data   RW         1870    .data               usart.o
    0x20000078   0x08002ea0   0x00000063   Data   RW         1917    .data               ir.o
    0x200000db   0x08002f03   0x00000001   PAD
    0x200000dc   0x08002f04   0x00000003   Data   RW         1961    .data               tcrt.o
    0x200000df   0x08002f07   0x00000001   PAD
    0x200000e0   0x08002f08   0x00000004   Data   RW         2281    .data               mc_w.l(stdout.o)
    0x200000e4        -       0x000007d0   Zero   RW         1869    .bss                usart.o
    0x200008b4        -       0x00000800   Zero   RW         1916    .bss                ir.o
    0x200010b4   0x08002f0c   0x00000004   PAD
    0x200010b8        -       0x00000400   Zero   RW           17    STACK               startup_stm32f10x_md.o


==============================================================================

Image component sizes


      Code (inc. data)   RO Data    RW Data    ZI Data      Debug   Object Name

        56          4          0          0          0        501   bee.o
         0          0          0          0          0       4540   core_cm3.o
       164          0          0          0          0       1156   delay.o
       868         54          0         99       2048      19939   ir.o
       124          6          0          0          0        545   led.o
       332         68          0          2          0       2131   main.o
       132         22          0          0          0     248279   misc.o
       232         24          0          2          0       1366   sr.o
        36          8        236          0       1024        804   startup_stm32f10x_md.o
       448          6          0          0          0       4370   stm32f10x_gpio.o
        24          0          0          0          0       3444   stm32f10x_it.o
       276         32          0         20          0       4346   stm32f10x_rcc.o
      1840        200          0          0          0      18539   stm32f10x_tim.o
       250          6          0          0          0       3305   stm32f10x_usart.o
       328         28          0          0          0       1881   system_stm32f10x.o
       140         22          0         16          0      16960   systick.o
       444         18          0          3          0       2035   tcrt.o
      1184         82          0          2          0       4607   timer.o
       828        142          0         72       2000       2824   usart.o
       100          6          0          0          0        543   water.o

    ----------------------------------------------------------------------
      7824        728        268        224       5076     342115   Object Totals
         0          0         32          0          0          0   (incl. Generated)
        18          0          0          8          4          0   (incl. Padding)

    ----------------------------------------------------------------------

      Code (inc. data)   RO Data    RW Data    ZI Data      Debug   Library Member Name

         0          0          0          0          0          0   entry.o
         0          0          0          0          0          0   entry10a.o
         0          0          0          0          0          0   entry11a.o
         8          4          0          0          0          0   entry2.o
         4          0          0          0          0          0   entry5.o
         0          0          0          0          0          0   entry7b.o
         0          0          0          0          0          0   entry8b.o
         8          4          0          0          0          0   entry9a.o
        30          0          0          0          0          0   handlers.o
        36          8          0          0          0         68   init.o
         0          0          0          0          0          0   iusefp.o
        30          0          0          0          0         68   llshl.o
        36          0          0          0          0         68   llsshr.o
        32          0          0          0          0         68   llushr.o
        36          0          0          0          0        108   memseta.o
      2258         90          0          0          0        452   printfa.o
         0          0          0          4          0          0   stdout.o
        44          0          0          0          0         80   uidiv.o
        98          0          0          0          0         92   uldiv.o
        48          0          0          0          0         68   cdrcmple.o
       334          0          0          0          0        148   dadd.o
       222          0          0          0          0        100   ddiv.o
       186          0          0          0          0        176   depilogue.o
        48          0          0          0          0         68   dfixul.o
        34          0          0          0          0         76   dflti.o
       228          0          0          0          0         96   dmul.o

    ----------------------------------------------------------------------
      3724        106          0          4          0       1736   Library Totals
         4          0          0          0          0          0   (incl. Padding)

    ----------------------------------------------------------------------

      Code (inc. data)   RO Data    RW Data    ZI Data      Debug   Library Name

      2620        106          0          4          0       1004   mc_w.l
      1100          0          0          0          0        732   mf_w.l

    ----------------------------------------------------------------------
      3724        106          0          4          0       1736   Library Totals

    ----------------------------------------------------------------------

==============================================================================


      Code (inc. data)   RO Data    RW Data    ZI Data      Debug   

     11548        834        268        228       5076     339011   Grand Totals
     11548        834        268        228       5076     339011   ELF Image Totals
     11548        834        268        228          0          0   ROM Totals

==============================================================================

    Total RO  Size (Code + RO Data)                11816 (  11.54kB)
    Total RW  Size (RW Data + ZI Data)              5304 (   5.18kB)
    Total ROM Size (Code + RO Data + RW Data)      12044 (  11.76kB)

==============================================================================

